16:57:36: SESSA may have crashed during the last run.
Please Select "Help/Submit Bug" in the main menu
and submit a bugreport together with the
corresponding file "debug_crash.ses"!
Location of the session file:
/home/umar/.sessa
Press the button 'Command list' to get help for available commands!

[\] Press the button 'Command list' to get help for available commands!

[\] allocating morphology param widgets
\PROJECT LOAD SESSION "/home/umar/projects/Thesis/Sessa-2.3.0-Linux/bin/Sessa_ini.ses"
Loading session file >/home/umar/projects/Thesis/Sessa-2.3.0-Linux/bin/Sessa_ini.ses<
[\] Processing: \PROJECT RESET

[\] Done
Processing: \SOURCE SET ALKA

[\] Done
Processing: \PREFERENCES SET ENERGY_SCALE KINETIC

[\] Done
Processing: \PREFERENCES SET DENSITY_SCALE MASS

[\] Done
Processing: \PREFERENCES SET NDIIMFP 1

[\] Done
Processing: \SPECTROMETER SET RANGE 1186.6:1206.6 REGION 1

[\] Done
Processing: \SAMPLE SET MATERIAL /C[CC_CH]0.751840793/C[C_O]0.035268320/C[C_eq_O]0.002385644/C[O_C_eq_O]0.210504242/C[pi_pi_star]0.000001000/O0.488662908/ LAYER 1
No data base for compound densities in SESSA.
Providing a rough estimate for the density.

This warning is only shown once!
[\] Done
Processing: \SAMPLE SET DENSITY 1.58816126 LAYER 1

[\] Done
Processing: \SAMPLE SET EGAP 4.45818898 LAYER 1

[\] Done
Processing: \SAMPLE PEAK SET TYPE GAUSS PEAK 1 SUBPEAK 1

[\] Done
Processing: \SAMPLE PEAK SET POSITION 1199.90067808 PEAK 1 SUBPEAK 1

[\] Done
Processing: \SAMPLE PEAK SET WIDTH 0.49115624 PEAK 1 SUBPEAK 1

[\] Done
Processing: \SAMPLE PEAK SET HEIGHT 1.0 PEAK 1 SUBPEAK 1

[\] Done
Processing: \SAMPLE PEAK SET TYPE GAUSS PEAK 2 SUBPEAK 1

[\] Done
Processing: \SAMPLE PEAK SET POSITION 1198.59766780 PEAK 2 SUBPEAK 1

[\] Done
Processing: \SAMPLE PEAK SET WIDTH 0.65248295 PEAK 2 SUBPEAK 1

[\] Done
Processing: \SAMPLE PEAK SET HEIGHT 1.0 PEAK 2 SUBPEAK 1

[\] Done
Processing: \SAMPLE PEAK SET TYPE GAUSS PEAK 3 SUBPEAK 1

[\] Done
Processing: \SAMPLE PEAK SET POSITION 1196.90514256 PEAK 3 SUBPEAK 1

[\] Done
Processing: \SAMPLE PEAK SET WIDTH 0.50770249 PEAK 3 SUBPEAK 1

[\] Done
Processing: \SAMPLE PEAK SET HEIGHT 1.0 PEAK 3 SUBPEAK 1

[\] Done
Processing: \SAMPLE PEAK SET TYPE GAUSS PEAK 4 SUBPEAK 1

[\] Done
Processing: \SAMPLE PEAK SET POSITION 1195.85274472 PEAK 4 SUBPEAK 1

[\] Done
Processing: \SAMPLE PEAK SET WIDTH 0.59679864 PEAK 4 SUBPEAK 1

[\] Done
Processing: \SAMPLE PEAK SET HEIGHT 1.0 PEAK 4 SUBPEAK 1

[\] Done
Processing: \SAMPLE PEAK SET TYPE GAUSS PEAK 5 SUBPEAK 1

[\] Done
Processing: \SAMPLE PEAK SET POSITION 1193.69360963 PEAK 5 SUBPEAK 1

[\] Done
Processing: \SAMPLE PEAK SET WIDTH 0.68802962 PEAK 5 SUBPEAK 1

[\] Done
Processing: \SAMPLE PEAK SET HEIGHT 1.0 PEAK 5 SUBPEAK 1

[\] Done
Processing: \MODEL SET SLA false

[\] Done
Processing: \MODEL SET TA false

[\] Done
Processing: \MODEL SET SE true

[\] Done
Processing: \MODEL SET QEAPLUS true

[\] Done
Processing: \MODEL SET CONVERGENCE 1.0e-2

[\] Done
Processing: \MODEL AUTO NCOL REGION 1

[\] Done
Processing: \MODEL AUTO NTRAJ REGION 1

[\] Done
Processing: \MODEL SIMULATE

[\] Done
Processing: \MODEL SAVE SPECTRA "/home/umar/projects/Thesis/spectraVAE/sessa_generated/spectra/case_00007_full"

[\] Done
Processing: \MODEL SET NCOL 0 REGION 1

[\] Done
Processing: \MODEL AUTO NTRAJ REGION 1

[\] Done
Processing: \MODEL SIMULATE

[\] Done
Processing: \MODEL SAVE SPECTRA "/home/umar/projects/Thesis/spectraVAE/sessa_generated/spectra/case_00007_zero"

[\] Done
Processing: \PROJECT RESET

[\] Done
Processing: \SOURCE SET ALKA

[\] Done
Processing: \PREFERENCES SET ENERGY_SCALE KINETIC

[\] Done
Processing: \PREFERENCES SET DENSITY_SCALE MASS

[\] Done
Processing: \PREFERENCES SET NDIIMFP 1

[\] Done
Processing: \SPECTROMETER SET RANGE 1186.6:1206.6 REGION 1

[\] Done
Processing: \SAMPLE SET MATERIAL /C[CC_CH]0.827270716/C[C_O]0.090824263/C[C_eq_O]0.000001000/C[O_C_eq_O]0.081903021/C[pi_pi_star]0.000001000/O0.284630815/ LAYER 1

[\] Done
Processing: \SAMPLE SET DENSITY 1.25137831 LAYER 1

[\] Done
Processing: \SAMPLE SET EGAP 5.56265856 LAYER 1

[\] Done
Processing: \SAMPLE PEAK SET TYPE GAUSS PEAK 1 SUBPEAK 1

[\] Done
Processing: \SAMPLE PEAK SET POSITION 1202.22428152 PEAK 1 SUBPEAK 1

[\] Done
Processing: \SAMPLE PEAK SET WIDTH 0.44672609 PEAK 1 SUBPEAK 1

[\] Done
Processing: \SAMPLE PEAK SET HEIGHT 1.0 PEAK 1 SUBPEAK 1

[\] Done
Processing: \SAMPLE PEAK SET TYPE GAUSS PEAK 2 SUBPEAK 1

[\] Done
Processing: \SAMPLE PEAK SET POSITION 1200.65259787 PEAK 2 SUBPEAK 1

[\] Done
Processing: \SAMPLE PEAK SET WIDTH 0.46433141 PEAK 2 SUBPEAK 1

[\] Done
Processing: \SAMPLE PEAK SET HEIGHT 1.0 PEAK 2 SUBPEAK 1

[\] Done
Processing: \SAMPLE PEAK SET TYPE GAUSS PEAK 3 SUBPEAK 1

[\] Done
Processing: \SAMPLE PEAK SET POSITION 1199.35684892 PEAK 3 SUBPEAK 1

[\] Done
Processing: \SAMPLE PEAK SET WIDTH 0.44370361 PEAK 3 SUBPEAK 1

[\] Done
Processing: \SAMPLE PEAK SET HEIGHT 1.0 PEAK 3 SUBPEAK 1

[\] Done
Processing: \SAMPLE PEAK SET TYPE GAUSS PEAK 4 SUBPEAK 1

[\] Done
Processing: \SAMPLE PEAK SET POSITION 1198.06028927 PEAK 4 SUBPEAK 1

[\] Done
Processing: \SAMPLE PEAK SET WIDTH 0.41403478 PEAK 4 SUBPEAK 1

[\] Done
Processing: \SAMPLE PEAK SET HEIGHT 1.0 PEAK 4 SUBPEAK 1

[\] Done
Processing: \SAMPLE PEAK SET TYPE GAUSS PEAK 5 SUBPEAK 1

[\] Done
Processing: \SAMPLE PEAK SET POSITION 1195.83276115 PEAK 5 SUBPEAK 1

[\] Done
Processing: \SAMPLE PEAK SET WIDTH 0.41509442 PEAK 5 SUBPEAK 1

[\] Done
Processing: \SAMPLE PEAK SET HEIGHT 1.0 PEAK 5 SUBPEAK 1

[\] Done
Processing: \MODEL SET SLA false

[\] Done
Processing: \MODEL SET TA false

[\] Done
Processing: \MODEL SET SE true

[\] Done
Processing: \MODEL SET QEAPLUS true

[\] Done
Processing: \MODEL SET CONVERGENCE 1.0e-2

[\] Done
Processing: \MODEL AUTO NCOL REGION 1

[\] Done
Processing: \MODEL AUTO NTRAJ REGION 1

[\] Done
Processing: \MODEL SIMULATE

[\] Done
Processing: \MODEL SAVE SPECTRA "/home/umar/projects/Thesis/spectraVAE/sessa_generated/spectra/case_00015_full"

[\] Done
Processing: \MODEL SET NCOL 0 REGION 1

[\] Done
Processing: \MODEL AUTO NTRAJ REGION 1

[\] Done
Processing: \MODEL SIMULATE

[\] Done
Processing: \MODEL SAVE SPECTRA "/home/umar/projects/Thesis/spectraVAE/sessa_generated/spectra/case_00015_zero"

[\] Done
Processing: \PROJECT RESET

[\] Done
Processing: \SOURCE SET ALKA

[\] Done
Processing: \PREFERENCES SET ENERGY_SCALE KINETIC

[\] Done
Processing: \PREFERENCES SET DENSITY_SCALE MASS

[\] Done
Processing: \PREFERENCES SET NDIIMFP 1

[\] Done
Processing: \SPECTROMETER SET RANGE 1186.6:1206.6 REGION 1

[\] Done
Processing: \SAMPLE SET MATERIAL /C[CC_CH]0.383868101/C[C_O]0.191329904/C[C_eq_O]0.000001000/C[O_C_eq_O]0.415070194/C[pi_pi_star]0.009730801/O1.051471313/ LAYER 1

[\] Done
Processing: \SAMPLE SET DENSITY 1.35319166 LAYER 1

[\] Done
Processing: \SAMPLE SET EGAP 5.31218026 LAYER 1

[\] Done
Processing: \SAMPLE PEAK SET TYPE GAUSS PEAK 1 SUBPEAK 1

[\] Done
Processing: \SAMPLE PEAK SET POSITION 1201.77686269 PEAK 1 SUBPEAK 1

[\] Done
Processing: \SAMPLE PEAK SET WIDTH 0.61542338 PEAK 1 SUBPEAK 1

[\] Done
Processing: \SAMPLE PEAK SET HEIGHT 1.0 PEAK 1 SUBPEAK 1

[\] Done
Processing: \SAMPLE PEAK SET TYPE GAUSS PEAK 2 SUBPEAK 1

[\] Done
Processing: \SAMPLE PEAK SET POSITION 1200.19163885 PEAK 2 SUBPEAK 1

[\] Done
Processing: \SAMPLE PEAK SET WIDTH 0.44581351 PEAK 2 SUBPEAK 1

[\] Done
Processing: \SAMPLE PEAK SET HEIGHT 1.0 PEAK 2 SUBPEAK 1

[\] Done
Processing: \SAMPLE PEAK SET TYPE GAUSS PEAK 3 SUBPEAK 1

[\] Done
Processing: \SAMPLE PEAK SET POSITION 1198.90947635 PEAK 3 SUBPEAK 1

[\] Done
Processing: \SAMPLE PEAK SET WIDTH 0.46958592 PEAK 3 SUBPEAK 1

[\] Done
Processing: \SAMPLE PEAK SET HEIGHT 1.0 PEAK 3 SUBPEAK 1

[\] Done
Processing: \SAMPLE PEAK SET TYPE GAUSS PEAK 4 SUBPEAK 1

[\] Done
Processing: \SAMPLE PEAK SET POSITION 1197.45349755 PEAK 4 SUBPEAK 1

[\] Done
Processing: \SAMPLE PEAK SET WIDTH 0.48242493 PEAK 4 SUBPEAK 1

[\] Done
Processing: \SAMPLE PEAK SET HEIGHT 1.0 PEAK 4 SUBPEAK 1

[\] Done
Processing: \SAMPLE PEAK SET TYPE GAUSS PEAK 5 SUBPEAK 1

[\] Done
Processing: \SAMPLE PEAK SET POSITION 1195.63652101 PEAK 5 SUBPEAK 1

[\] Done
Processing: \SAMPLE PEAK SET WIDTH 0.53470260 PEAK 5 SUBPEAK 1

[\] Done
Processing: \SAMPLE PEAK SET HEIGHT 1.0 PEAK 5 SUBPEAK 1

[\] Done
Processing: \MODEL SET SLA false

[\] Done
Processing: \MODEL SET TA false

[\] Done
Processing: \MODEL SET SE true

[\] Done
Processing: \MODEL SET QEAPLUS true

[\] Done
Processing: \MODEL SET CONVERGENCE 1.0e-2

[\] Done
Processing: \MODEL AUTO NCOL REGION 1

[\] Done
Processing: \MODEL AUTO NTRAJ REGION 1

[\] Done
Processing: \MODEL SIMULATE

[\] Done
Processing: \MODEL SAVE SPECTRA "/home/umar/projects/Thesis/spectraVAE/sessa_generated/spectra/case_00023_full"

[\] Done
Processing: \MODEL SET NCOL 0 REGION 1

[\] Done
Processing: \MODEL AUTO NTRAJ REGION 1

[\] Done
Processing: \MODEL SIMULATE

[\] Done
Processing: \MODEL SAVE SPECTRA "/home/umar/projects/Thesis/spectraVAE/sessa_generated/spectra/case_00023_zero"

[\] Done
Processing: \PROJECT RESET

[\] Done
Processing: \SOURCE SET ALKA

[\] Done
Processing: \PREFERENCES SET ENERGY_SCALE KINETIC

[\] Done
Processing: \PREFERENCES SET DENSITY_SCALE MASS

[\] Done
Processing: \PREFERENCES SET NDIIMFP 1

[\] Done
Processing: \SPECTROMETER SET RANGE 1186.6:1206.6 REGION 1

[\] Done
Processing: \SAMPLE SET MATERIAL /C[CC_CH]0.176389676/C[C_O]0.569548071/C[C_eq_O]0.174181142/C[O_C_eq_O]0.079880112/C[pi_pi_star]0.000001000/O0.933490339/ LAYER 1

[\] Done
Processing: \SAMPLE SET DENSITY 1.13617903 LAYER 1

[\] Done
Processing: \SAMPLE SET EGAP 2.78634949 LAYER 1

[\] Done
Processing: \SAMPLE PEAK SET TYPE GAUSS PEAK 1 SUBPEAK 1

[\] Done
Processing: \SAMPLE PEAK SET POSITION 1202.02224246 PEAK 1 SUBPEAK 1

[\] Done
Processing: \SAMPLE PEAK SET WIDTH 0.56750372 PEAK 1 SUBPEAK 1

[\] Done
Processing: \SAMPLE PEAK SET HEIGHT 1.0 PEAK 1 SUBPEAK 1

[\] Done
Processing: \SAMPLE PEAK SET TYPE GAUSS PEAK 2 SUBPEAK 1

[\] Done
Processing: \SAMPLE PEAK SET POSITION 1201.08419431 PEAK 2 SUBPEAK 1

[\] Done
Processing: \SAMPLE PEAK SET WIDTH 0.56409593 PEAK 2 SUBPEAK 1

[\] Done
Processing: \SAMPLE PEAK SET HEIGHT 1.0 PEAK 2 SUBPEAK 1

[\] Done
Processing: \SAMPLE PEAK SET TYPE GAUSS PEAK 3 SUBPEAK 1

[\] Done
Processing: \SAMPLE PEAK SET POSITION 1199.16801259 PEAK 3 SUBPEAK 1

[\] Done
Processing: \SAMPLE PEAK SET WIDTH 0.48575286 PEAK 3 SUBPEAK 1

[\] Done
Processing: \SAMPLE PEAK SET HEIGHT 1.0 PEAK 3 SUBPEAK 1

[\] Done
Processing: \SAMPLE PEAK SET TYPE GAUSS PEAK 4 SUBPEAK 1

[\] Done
Processing: \SAMPLE PEAK SET POSITION 1198.38560850 PEAK 4 SUBPEAK 1

[\] Done
Processing: \SAMPLE PEAK SET WIDTH 0.44533723 PEAK 4 SUBPEAK 1

[\] Done
Processing: \SAMPLE PEAK SET HEIGHT 1.0 PEAK 4 SUBPEAK 1

[\] Done
Processing: \SAMPLE PEAK SET TYPE GAUSS PEAK 5 SUBPEAK 1

[\] Done
Processing: \SAMPLE PEAK SET POSITION 1195.92247885 PEAK 5 SUBPEAK 1

[\] Done
Processing: \SAMPLE PEAK SET WIDTH 0.57883472 PEAK 5 SUBPEAK 1

[\] Done
Processing: \SAMPLE PEAK SET HEIGHT 1.0 PEAK 5 SUBPEAK 1

[\] Done
Processing: \MODEL SET SLA false

[\] Done
Processing: \MODEL SET TA false

[\] Done
Processing: \MODEL SET SE true

[\] Done
Processing: \MODEL SET QEAPLUS true

[\] Done
Processing: \MODEL SET CONVERGENCE 1.0e-2

[\] Done
Processing: \MODEL AUTO NCOL REGION 1

[\] Done
Processing: \MODEL AUTO NTRAJ REGION 1

[\] Done
Processing: \MODEL SIMULATE

[\] Done
Processing: \MODEL SAVE SPECTRA "/home/umar/projects/Thesis/spectraVAE/sessa_generated/spectra/case_00031_full"

[\] Done
Processing: \MODEL SET NCOL 0 REGION 1

[\] Done
Processing: \MODEL AUTO NTRAJ REGION 1

[\] Done
Processing: \MODEL SIMULATE

[\] Done
Processing: \MODEL SAVE SPECTRA "/home/umar/projects/Thesis/spectraVAE/sessa_generated/spectra/case_00031_zero"

[\] Done
Processing: \PROJECT RESET

[\] Done
Processing: \SOURCE SET ALKA

[\] Done
Processing: \PREFERENCES SET ENERGY_SCALE KINETIC

[\] Done
Processing: \PREFERENCES SET DENSITY_SCALE MASS

[\] Done
Processing: \PREFERENCES SET NDIIMFP 1

[\] Done
Processing: \SPECTROMETER SET RANGE 1186.6:1206.6 REGION 1

[\] Done
Processing: \SAMPLE SET MATERIAL /C[CC_CH]0.313117069/C[C_O]0.507231690/C[C_eq_O]0.022496216/C[O_C_eq_O]0.157154025/C[pi_pi_star]0.000001000/O0.874036800/ LAYER 1

[\] Done
Processing: \SAMPLE SET DENSITY 1.56249718 LAYER 1

[\] Done
Processing: \SAMPLE SET EGAP 6.05926221 LAYER 1

[\] Done
Processing: \SAMPLE PEAK SET TYPE GAUSS PEAK 1 SUBPEAK 1

[\] Done
Processing: \SAMPLE PEAK SET POSITION 1202.75110606 PEAK 1 SUBPEAK 1

[\] Done
Processing: \SAMPLE PEAK SET WIDTH 0.45751249 PEAK 1 SUBPEAK 1

[\] Done
Processing: \SAMPLE PEAK SET HEIGHT 1.0 PEAK 1 SUBPEAK 1

[\] Done
Processing: \SAMPLE PEAK SET TYPE GAUSS PEAK 2 SUBPEAK 1

[\] Done
Processing: \SAMPLE PEAK SET POSITION 1201.22838754 PEAK 2 SUBPEAK 1

[\] Done
Processing: \SAMPLE PEAK SET WIDTH 0.39787825 PEAK 2 SUBPEAK 1

[\] Done
Processing: \SAMPLE PEAK SET HEIGHT 1.0 PEAK 2 SUBPEAK 1

[\] Done
Processing: \SAMPLE PEAK SET TYPE GAUSS PEAK 3 SUBPEAK 1

[\] Done
Processing: \SAMPLE PEAK SET POSITION 1199.61092155 PEAK 3 SUBPEAK 1

[\] Done
Processing: \SAMPLE PEAK SET WIDTH 0.46600635 PEAK 3 SUBPEAK 1

[\] Done
Processing: \SAMPLE PEAK SET HEIGHT 1.0 PEAK 3 SUBPEAK 1

[\] Done
Processing: \SAMPLE PEAK SET TYPE GAUSS PEAK 4 SUBPEAK 1

[\] Done
Processing: \SAMPLE PEAK SET POSITION 1198.50161887 PEAK 4 SUBPEAK 1

[\] Done
Processing: \SAMPLE PEAK SET WIDTH 0.41906696 PEAK 4 SUBPEAK 1

[\] Done
Processing: \SAMPLE PEAK SET HEIGHT 1.0 PEAK 4 SUBPEAK 1

[\] Done
Processing: \SAMPLE PEAK SET TYPE GAUSS PEAK 5 SUBPEAK 1

[\] Done
Processing: \SAMPLE PEAK SET POSITION 1195.99878775 PEAK 5 SUBPEAK 1

[\] Done
Processing: \SAMPLE PEAK SET WIDTH 0.43877673 PEAK 5 SUBPEAK 1

[\] Done
Processing: \SAMPLE PEAK SET HEIGHT 1.0 PEAK 5 SUBPEAK 1

[\] Done
Processing: \MODEL SET SLA false

[\] Done
Processing: \MODEL SET TA false

[\] Done
Processing: \MODEL SET SE true

[\] Done
Processing: \MODEL SET QEAPLUS true

[\] Done
Processing: \MODEL SET CONVERGENCE 1.0e-2

[\] Done
Processing: \MODEL AUTO NCOL REGION 1

[\] Done
Processing: \MODEL AUTO NTRAJ REGION 1

[\] Done
Processing: \MODEL SIMULATE

[\] Done
Processing: \MODEL SAVE SPECTRA "/home/umar/projects/Thesis/spectraVAE/sessa_generated/spectra/case_00039_full"

[\] Done
Processing: \MODEL SET NCOL 0 REGION 1

[\] Done
Processing: \MODEL AUTO NTRAJ REGION 1

[\] Done
Processing: \MODEL SIMULATE

[\] Done
Processing: \MODEL SAVE SPECTRA "/home/umar/projects/Thesis/spectraVAE/sessa_generated/spectra/case_00039_zero"

[\] Done
Processing: \PROJECT RESET

[\] Done
Processing: \SOURCE SET ALKA

[\] Done
Processing: \PREFERENCES SET ENERGY_SCALE KINETIC

[\] Done
Processing: \PREFERENCES SET DENSITY_SCALE MASS

[\] Done
Processing: \PREFERENCES SET NDIIMFP 1

[\] Done
Processing: \SPECTROMETER SET RANGE 1186.6:1206.6 REGION 1

[\] Done
Processing: \SAMPLE SET MATERIAL /C[CC_CH]0.080802413/C[C_O]0.581949074/C[C_eq_O]0.000001000/C[O_C_eq_O]0.092209954/C[pi_pi_star]0.245037559/O0.796369748/ LAYER 1

[\] Done
Processing: \SAMPLE SET DENSITY 1.52015716 LAYER 1

[\] Done
Processing: \SAMPLE SET EGAP 0.00000000 LAYER 1

[\] Done
Processing: \SAMPLE PEAK SET TYPE GAUSS PEAK 1 SUBPEAK 1

[\] Done
Processing: \SAMPLE PEAK SET POSITION 1200.27831180 PEAK 1 SUBPEAK 1

[\] Done
Processing: \SAMPLE PEAK SET WIDTH 0.55536769 PEAK 1 SUBPEAK 1

[\] Done
Processing: \SAMPLE PEAK SET HEIGHT 1.0 PEAK 1 SUBPEAK 1

[\] Done
Processing: \SAMPLE PEAK SET TYPE GAUSS PEAK 2 SUBPEAK 1

[\] Done
Processing: \SAMPLE PEAK SET POSITION 1199.00087096 PEAK 2 SUBPEAK 1

[\] Done
Processing: \SAMPLE PEAK SET WIDTH 0.67447780 PEAK 2 SUBPEAK 1

[\] Done
Processing: \SAMPLE PEAK SET HEIGHT 1.0 PEAK 2 SUBPEAK 1

[\] Done
Processing: \SAMPLE PEAK SET TYPE GAUSS PEAK 3 SUBPEAK 1

[\] Done
Processing: \SAMPLE PEAK SET POSITION 1197.35826914 PEAK 3 SUBPEAK 1

[\] Done
Processing: \SAMPLE PEAK SET WIDTH 0.64691451 PEAK 3 SUBPEAK 1

[\] Done
Processing: \SAMPLE PEAK SET HEIGHT 1.0 PEAK 3 SUBPEAK 1

[\] Done
Processing: \SAMPLE PEAK SET TYPE GAUSS PEAK 4 SUBPEAK 1

[\] Done
Processing: \SAMPLE PEAK SET POSITION 1196.03971972 PEAK 4 SUBPEAK 1

[\] Done
Processing: \SAMPLE PEAK SET WIDTH 0.58665063 PEAK 4 SUBPEAK 1

[\] Done
Processing: \SAMPLE PEAK SET HEIGHT 1.0 PEAK 4 SUBPEAK 1

[\] Done
Processing: \SAMPLE PEAK SET TYPE GAUSS PEAK 5 SUBPEAK 1

[\] Done
Processing: \SAMPLE PEAK SET POSITION 1193.90930265 PEAK 5 SUBPEAK 1

[\] Done
Processing: \SAMPLE PEAK SET WIDTH 0.56007651 PEAK 5 SUBPEAK 1

[\] Done
Processing: \SAMPLE PEAK SET HEIGHT 1.0 PEAK 5 SUBPEAK 1

[\] Done
Processing: \MODEL SET SLA false

[\] Done
Processing: \MODEL SET TA false

[\] Done
Processing: \MODEL SET SE true

[\] Done
Processing: \MODEL SET QEAPLUS true

[\] Done
Processing: \MODEL SET CONVERGENCE 1.0e-2

[\] Done
Processing: \MODEL AUTO NCOL REGION 1

[\] Done
Processing: \MODEL AUTO NTRAJ REGION 1

[\] Done
Processing: \MODEL SIMULATE

[\] Done
Processing: \MODEL SAVE SPECTRA "/home/umar/projects/Thesis/spectraVAE/sessa_generated/spectra/case_00047_full"

[\] Done
Processing: \MODEL SET NCOL 0 REGION 1

[\] Done
Processing: \MODEL AUTO NTRAJ REGION 1

[\] Done
Processing: \MODEL SIMULATE

[\] Done
Processing: \MODEL SAVE SPECTRA "/home/umar/projects/Thesis/spectraVAE/sessa_generated/spectra/case_00047_zero"

[\] Done
Processing: \PROJECT RESET

[\] Done
Processing: \SOURCE SET ALKA

[\] Done
Processing: \PREFERENCES SET ENERGY_SCALE KINETIC

[\] Done
Processing: \PREFERENCES SET DENSITY_SCALE MASS

[\] Done
Processing: \PREFERENCES SET NDIIMFP 1

[\] Done
Processing: \SPECTROMETER SET RANGE 1186.6:1206.6 REGION 1

[\] Done
Processing: \SAMPLE SET MATERIAL /C[CC_CH]0.231644288/C[C_O]0.060667426/C[C_eq_O]0.670548575/C[O_C_eq_O]0.037138711/C[pi_pi_star]0.000001000/O0.835494228/ LAYER 1

[\] Done
Processing: \SAMPLE SET DENSITY 1.51105919 LAYER 1

[\] Done
Processing: \SAMPLE SET EGAP 3.46967048 LAYER 1

[\] Done
Processing: \SAMPLE PEAK SET TYPE GAUSS PEAK 1 SUBPEAK 1

[\] Done
Processing: \SAMPLE PEAK SET POSITION 1202.07293380 PEAK 1 SUBPEAK 1

[\] Done
Processing: \SAMPLE PEAK SET WIDTH 0.46684957 PEAK 1 SUBPEAK 1

[\] Done
Processing: \SAMPLE PEAK SET HEIGHT 1.0 PEAK 1 SUBPEAK 1

[\] Done
Processing: \SAMPLE PEAK SET TYPE GAUSS PEAK 2 SUBPEAK 1

[\] Done
Processing: \SAMPLE PEAK SET POSITION 1200.69768525 PEAK 2 SUBPEAK 1

[\] Done
Processing: \SAMPLE PEAK SET WIDTH 0.43783104 PEAK 2 SUBPEAK 1

[\] Done
Processing: \SAMPLE PEAK SET HEIGHT 1.0 PEAK 2 SUBPEAK 1

[\] Done
Processing: \SAMPLE PEAK SET TYPE GAUSS PEAK 3 SUBPEAK 1

[\] Done
Processing: \SAMPLE PEAK SET POSITION 1198.86055941 PEAK 3 SUBPEAK 1

[\] Done
Processing: \SAMPLE PEAK SET WIDTH 0.52086089 PEAK 3 SUBPEAK 1

[\] Done
Processing: \SAMPLE PEAK SET HEIGHT 1.0 PEAK 3 SUBPEAK 1

[\] Done
Processing: \SAMPLE PEAK SET TYPE GAUSS PEAK 4 SUBPEAK 1

[\] Done
Processing: \SAMPLE PEAK SET POSITION 1197.73228363 PEAK 4 SUBPEAK 1

[\] Done
Processing: \SAMPLE PEAK SET WIDTH 0.42668927 PEAK 4 SUBPEAK 1

[\] Done
Processing: \SAMPLE PEAK SET HEIGHT 1.0 PEAK 4 SUBPEAK 1

[\] Done
Processing: \SAMPLE PEAK SET TYPE GAUSS PEAK 5 SUBPEAK 1

[\] Done
Processing: \SAMPLE PEAK SET POSITION 1195.64384436 PEAK 5 SUBPEAK 1

[\] Done
Processing: \SAMPLE PEAK SET WIDTH 0.37403266 PEAK 5 SUBPEAK 1

[\] Done
Processing: \SAMPLE PEAK SET HEIGHT 1.0 PEAK 5 SUBPEAK 1

[\] Done
Processing: \MODEL SET SLA false

[\] Done
Processing: \MODEL SET TA false

[\] Done
Processing: \MODEL SET SE true

[\] Done
Processing: \MODEL SET QEAPLUS true

[\] Done
Processing: \MODEL SET CONVERGENCE 1.0e-2

[\] Done
Processing: \MODEL AUTO NCOL REGION 1

[\] Done
Processing: \MODEL AUTO NTRAJ REGION 1

[\] Done
Processing: \MODEL SIMULATE

[\] Done
Processing: \MODEL SAVE SPECTRA "/home/umar/projects/Thesis/spectraVAE/sessa_generated/spectra/case_00055_full"

[\] Done
Processing: \MODEL SET NCOL 0 REGION 1

[\] Done
Processing: \MODEL AUTO NTRAJ REGION 1

[\] Done
Processing: \MODEL SIMULATE

[\] Done
Processing: \MODEL SAVE SPECTRA "/home/umar/projects/Thesis/spectraVAE/sessa_generated/spectra/case_00055_zero"

[\] Done
Processing: \PROJECT RESET

[\] Done
Processing: \SOURCE SET ALKA

[\] Done
Processing: \PREFERENCES SET ENERGY_SCALE KINETIC

[\] Done
Processing: \PREFERENCES SET DENSITY_SCALE MASS

[\] Done
Processing: \PREFERENCES SET NDIIMFP 1

[\] Done
Processing: \SPECTROMETER SET RANGE 1186.6:1206.6 REGION 1

[\] Done
Processing: \SAMPLE SET MATERIAL /C[CC_CH]0.727550917/C[C_O]0.247494979/C[C_eq_O]0.024952104/C[O_C_eq_O]0.000001000/C[pi_pi_star]0.000001000/O0.302447628/ LAYER 1

[\] Done
Processing: \SAMPLE SET DENSITY 1.18986636 LAYER 1

[\] Done
Processing: \SAMPLE SET EGAP 2.56651694 LAYER 1

[\] Done
Processing: \SAMPLE PEAK SET TYPE GAUSS PEAK 1 SUBPEAK 1

[\] Done
Processing: \SAMPLE PEAK SET POSITION 1202.71463473 PEAK 1 SUBPEAK 1

[\] Done
Processing: \SAMPLE PEAK SET WIDTH 0.56810976 PEAK 1 SUBPEAK 1

[\] Done
Processing: \SAMPLE PEAK SET HEIGHT 1.0 PEAK 1 SUBPEAK 1

[\] Done
Processing: \SAMPLE PEAK SET TYPE GAUSS PEAK 2 SUBPEAK 1

[\] Done
Processing: \SAMPLE PEAK SET POSITION 1201.12146204 PEAK 2 SUBPEAK 1

[\] Done
Processing: \SAMPLE PEAK SET WIDTH 0.62246085 PEAK 2 SUBPEAK 1

[\] Done
Processing: \SAMPLE PEAK SET HEIGHT 1.0 PEAK 2 SUBPEAK 1

[\] Done
Processing: \SAMPLE PEAK SET TYPE GAUSS PEAK 3 SUBPEAK 1

[\] Done
Processing: \SAMPLE PEAK SET POSITION 1199.75088129 PEAK 3 SUBPEAK 1

[\] Done
Processing: \SAMPLE PEAK SET WIDTH 0.53249497 PEAK 3 SUBPEAK 1

[\] Done
Processing: \SAMPLE PEAK SET HEIGHT 1.0 PEAK 3 SUBPEAK 1

[\] Done
Processing: \SAMPLE PEAK SET TYPE GAUSS PEAK 4 SUBPEAK 1

[\] Done
Processing: \SAMPLE PEAK SET POSITION 1198.08694491 PEAK 4 SUBPEAK 1

[\] Done
Processing: \SAMPLE PEAK SET WIDTH 0.55270402 PEAK 4 SUBPEAK 1

[\] Done
Processing: \SAMPLE PEAK SET HEIGHT 1.0 PEAK 4 SUBPEAK 1

[\] Done
Processing: \SAMPLE PEAK SET TYPE GAUSS PEAK 5 SUBPEAK 1

[\] Done
Processing: \SAMPLE PEAK SET POSITION 1196.31408272 PEAK 5 SUBPEAK 1

[\] Done
Processing: \SAMPLE PEAK SET WIDTH 0.64629873 PEAK 5 SUBPEAK 1

[\] Done
Processing: \SAMPLE PEAK SET HEIGHT 1.0 PEAK 5 SUBPEAK 1

[\] Done
Processing: \MODEL SET SLA false

[\] Done
Processing: \MODEL SET TA false

[\] Done
Processing: \MODEL SET SE true

[\] Done
Processing: \MODEL SET QEAPLUS true

[\] Done
Processing: \MODEL SET CONVERGENCE 1.0e-2

[\] Done
Processing: \MODEL AUTO NCOL REGION 1

[\] Done
Processing: \MODEL AUTO NTRAJ REGION 1

[\] Done
Processing: \MODEL SIMULATE

[\] Done
Processing: \MODEL SAVE SPECTRA "/home/umar/projects/Thesis/spectraVAE/sessa_generated/spectra/case_00063_full"

[\] Done
Processing: \MODEL SET NCOL 0 REGION 1

[\] Done
Processing: \MODEL AUTO NTRAJ REGION 1

[\] Done
Processing: \MODEL SIMULATE
