Press the button 'Command list' to get help for available commands!

[\] Press the button 'Command list' to get help for available commands!

[\] allocating morphology param widgets
\PROJECT LOAD SESSION "/home/umar/projects/Thesis/Sessa-2.3.0-Linux/bin/Sessa_ini.ses"
Loading session file >/home/umar/projects/Thesis/Sessa-2.3.0-Linux/bin/Sessa_ini.ses<
[\] Processing: \PROJECT RESET

[\] Done
Processing: \SOURCE SET ALKA

[\] Done
Processing: \PREFERENCES SET ENERGY_SCALE KINETIC

[\] Done
Processing: \PREFERENCES SET DENSITY_SCALE MASS

[\] Done
Processing: \PREFERENCES SET NDIIMFP 1

[\] Done
Processing: \SPECTROMETER SET RANGE 1186.6:1206.6 REGION 1

[\] Done
Processing: \SAMPLE SET MATERIAL /C[CC_CH]0.046437426/C[C_O]0.470503760/C[C_eq_O]0.302535126/C[O_C_eq_O]0.178945269/C[pi_pi_star]0.001578418/O1.160929424/ LAYER 1
No data base for compound densities in SESSA.
Providing a rough estimate for the density.

This warning is only shown once!
[\] Done
Processing: \SAMPLE SET DENSITY 1.24386378 LAYER 1

[\] Done
Processing: \SAMPLE SET EGAP 3.47413340 LAYER 1

[\] Done
Processing: \SAMPLE PEAK SET TYPE GAUSS PEAK 1 SUBPEAK 1

[\] Done
Processing: \SAMPLE PEAK SET POSITION 1199.88193669 PEAK 1 SUBPEAK 1

[\] Done
Processing: \SAMPLE PEAK SET WIDTH 0.55909160 PEAK 1 SUBPEAK 1

[\] Done
Processing: \SAMPLE PEAK SET HEIGHT 1.0 PEAK 1 SUBPEAK 1

[\] Done
Processing: \SAMPLE PEAK SET TYPE GAUSS PEAK 2 SUBPEAK 1

[\] Done
Processing: \SAMPLE PEAK SET POSITION 1198.02693503 PEAK 2 SUBPEAK 1

[\] Done
Processing: \SAMPLE PEAK SET WIDTH 0.59325207 PEAK 2 SUBPEAK 1

[\] Done
Processing: \SAMPLE PEAK SET HEIGHT 1.0 PEAK 2 SUBPEAK 1

[\] Done
Processing: \SAMPLE PEAK SET TYPE GAUSS PEAK 3 SUBPEAK 1

[\] Done
Processing: \SAMPLE PEAK SET POSITION 1196.67016653 PEAK 3 SUBPEAK 1

[\] Done
Processing: \SAMPLE PEAK SET WIDTH 0.69216109 PEAK 3 SUBPEAK 1

[\] Done
Processing: \SAMPLE PEAK SET HEIGHT 1.0 PEAK 3 SUBPEAK 1

[\] Done
Processing: \SAMPLE PEAK SET TYPE GAUSS PEAK 4 SUBPEAK 1

[\] Done
Processing: \SAMPLE PEAK SET POSITION 1195.41440622 PEAK 4 SUBPEAK 1

[\] Done
Processing: \SAMPLE PEAK SET WIDTH 0.66269270 PEAK 4 SUBPEAK 1

[\] Done
Processing: \SAMPLE PEAK SET HEIGHT 1.0 PEAK 4 SUBPEAK 1

[\] Done
Processing: \SAMPLE PEAK SET TYPE GAUSS PEAK 5 SUBPEAK 1

[\] Done
Processing: \SAMPLE PEAK SET POSITION 1193.57082330 PEAK 5 SUBPEAK 1

[\] Done
Processing: \SAMPLE PEAK SET WIDTH 0.58127157 PEAK 5 SUBPEAK 1

[\] Done
Processing: \SAMPLE PEAK SET HEIGHT 1.0 PEAK 5 SUBPEAK 1

[\] Done
Processing: \MODEL SET SLA false

[\] Done
Processing: \MODEL SET TA false

[\] Done
Processing: \MODEL SET SE true

[\] Done
Processing: \MODEL SET QEAPLUS true

[\] Done
Processing: \MODEL SET CONVERGENCE 1.0e-2

[\] Done
Processing: \MODEL AUTO NCOL REGION 1

[\] Done
Processing: \MODEL AUTO NTRAJ REGION 1

[\] Done
Processing: \MODEL SIMULATE

[\] Done
Processing: \MODEL SAVE SPECTRA "/home/umar/projects/Thesis/spectraVAE/sessa_generated/spectra/case_00000_full"

[\] Done
Processing: \MODEL SET NCOL 0 REGION 1

[\] Done
Processing: \MODEL AUTO NTRAJ REGION 1

[\] Done
Processing: \MODEL SIMULATE

[\] Done
Processing: \MODEL SAVE SPECTRA "/home/umar/projects/Thesis/spectraVAE/sessa_generated/spectra/case_00000_zero"

[\] Done
Processing: \PROJECT RESET

[\] Done
Processing: \SOURCE SET ALKA

[\] Done
Processing: \PREFERENCES SET ENERGY_SCALE KINETIC

[\] Done
Processing: \PREFERENCES SET DENSITY_SCALE MASS

[\] Done
Processing: \PREFERENCES SET NDIIMFP 1

[\] Done
Processing: \SPECTROMETER SET RANGE 1186.6:1206.6 REGION 1

[\] Done
Processing: \SAMPLE SET MATERIAL /C[CC_CH]0.610361503/C[C_O]0.379120892/C[C_eq_O]0.000001000/C[O_C_eq_O]0.010515605/C[pi_pi_star]0.000001000/O0.430152902/ LAYER 1

[\] Done
Processing: \SAMPLE SET DENSITY 1.68499696 LAYER 1

[\] Done
Processing: \SAMPLE SET EGAP 2.80111980 LAYER 1

[\] Done
Processing: \SAMPLE PEAK SET TYPE GAUSS PEAK 1 SUBPEAK 1

[\] Done
Processing: \SAMPLE PEAK SET POSITION 1202.72284301 PEAK 1 SUBPEAK 1

[\] Done
Processing: \SAMPLE PEAK SET WIDTH 0.77705718 PEAK 1 SUBPEAK 1

[\] Done
Processing: \SAMPLE PEAK SET HEIGHT 1.0 PEAK 1 SUBPEAK 1

[\] Done
Processing: \SAMPLE PEAK SET TYPE GAUSS PEAK 2 SUBPEAK 1

[\] Done
Processing: \SAMPLE PEAK SET POSITION 1201.34719184 PEAK 2 SUBPEAK 1

[\] Done
Processing: \SAMPLE PEAK SET WIDTH 0.62931487 PEAK 2 SUBPEAK 1

[\] Done
Processing: \SAMPLE PEAK SET HEIGHT 1.0 PEAK 2 SUBPEAK 1

[\] Done
Processing: \SAMPLE PEAK SET TYPE GAUSS PEAK 3 SUBPEAK 1

[\] Done
Processing: \SAMPLE PEAK SET POSITION 1199.88456089 PEAK 3 SUBPEAK 1

[\] Done
Processing: \SAMPLE PEAK SET WIDTH 0.49755271 PEAK 3 SUBPEAK 1

[\] Done
Processing: \SAMPLE PEAK SET HEIGHT 1.0 PEAK 3 SUBPEAK 1

[\] Done
Processing: \SAMPLE PEAK SET TYPE GAUSS PEAK 4 SUBPEAK 1

[\] Done
Processing: \SAMPLE PEAK SET POSITION 1198.54876030 PEAK 4 SUBPEAK 1

[\] Done
Processing: \SAMPLE PEAK SET WIDTH 0.56385813 PEAK 4 SUBPEAK 1

[\] Done
Processing: \SAMPLE PEAK SET HEIGHT 1.0 PEAK 4 SUBPEAK 1

[\] Done
Processing: \SAMPLE PEAK SET TYPE GAUSS PEAK 5 SUBPEAK 1

[\] Done
Processing: \SAMPLE PEAK SET POSITION 1196.35818971 PEAK 5 SUBPEAK 1

[\] Done
Processing: \SAMPLE PEAK SET WIDTH 0.67672410 PEAK 5 SUBPEAK 1

[\] Done
Processing: \SAMPLE PEAK SET HEIGHT 1.0 PEAK 5 SUBPEAK 1

[\] Done
Processing: \MODEL SET SLA false

[\] Done
Processing: \MODEL SET TA false

[\] Done
Processing: \MODEL SET SE true

[\] Done
Processing: \MODEL SET QEAPLUS true

[\] Done
Processing: \MODEL SET CONVERGENCE 1.0e-2

[\] Done
Processing: \MODEL AUTO NCOL REGION 1

[\] Done
Processing: \MODEL AUTO NTRAJ REGION 1

[\] Done
Processing: \MODEL SIMULATE

[\] Done
Processing: \MODEL SAVE SPECTRA "/home/umar/projects/Thesis/spectraVAE/sessa_generated/spectra/case_00008_full"

[\] Done
Processing: \MODEL SET NCOL 0 REGION 1

[\] Done
Processing: \MODEL AUTO NTRAJ REGION 1

[\] Done
Processing: \MODEL SIMULATE

[\] Done
Processing: \MODEL SAVE SPECTRA "/home/umar/projects/Thesis/spectraVAE/sessa_generated/spectra/case_00008_zero"

[\] Done
Processing: \PROJECT RESET

[\] Done
Processing: \SOURCE SET ALKA

[\] Done
Processing: \PREFERENCES SET ENERGY_SCALE KINETIC

[\] Done
Processing: \PREFERENCES SET DENSITY_SCALE MASS

[\] Done
Processing: \PREFERENCES SET NDIIMFP 1

[\] Done
Processing: \SPECTROMETER SET RANGE 1186.6:1206.6 REGION 1

[\] Done
Processing: \SAMPLE SET MATERIAL /C[CC_CH]0.164492026/C[C_O]0.704980666/C[C_eq_O]0.120402096/C[O_C_eq_O]0.010124212/C[pi_pi_star]0.000001000/O0.875632031/ LAYER 1

[\] Done
Processing: \SAMPLE SET DENSITY 1.37921622 LAYER 1

[\] Done
Processing: \SAMPLE SET EGAP 3.61380012 LAYER 1

[\] Done
Processing: \SAMPLE PEAK SET TYPE GAUSS PEAK 1 SUBPEAK 1

[\] Done
Processing: \SAMPLE PEAK SET POSITION 1202.18015847 PEAK 1 SUBPEAK 1

[\] Done
Processing: \SAMPLE PEAK SET WIDTH 0.63484167 PEAK 1 SUBPEAK 1

[\] Done
Processing: \SAMPLE PEAK SET HEIGHT 1.0 PEAK 1 SUBPEAK 1

[\] Done
Processing: \SAMPLE PEAK SET TYPE GAUSS PEAK 2 SUBPEAK 1

[\] Done
Processing: \SAMPLE PEAK SET POSITION 1200.75716621 PEAK 2 SUBPEAK 1

[\] Done
Processing: \SAMPLE PEAK SET WIDTH 0.58135368 PEAK 2 SUBPEAK 1

[\] Done
Processing: \SAMPLE PEAK SET HEIGHT 1.0 PEAK 2 SUBPEAK 1

[\] Done
Processing: \SAMPLE PEAK SET TYPE GAUSS PEAK 3 SUBPEAK 1

[\] Done
Processing: \SAMPLE PEAK SET POSITION 1198.73444057 PEAK 3 SUBPEAK 1

[\] Done
Processing: \SAMPLE PEAK SET WIDTH 0.75910803 PEAK 3 SUBPEAK 1

[\] Done
Processing: \SAMPLE PEAK SET HEIGHT 1.0 PEAK 3 SUBPEAK 1

[\] Done
Processing: \SAMPLE PEAK SET TYPE GAUSS PEAK 4 SUBPEAK 1

[\] Done
Processing: \SAMPLE PEAK SET POSITION 1197.69841190 PEAK 4 SUBPEAK 1

[\] Done
Processing: \SAMPLE PEAK SET WIDTH 0.59145681 PEAK 4 SUBPEAK 1

[\] Done
Processing: \SAMPLE PEAK SET HEIGHT 1.0 PEAK 4 SUBPEAK 1

[\] Done
Processing: \SAMPLE PEAK SET TYPE GAUSS PEAK 5 SUBPEAK 1

[\] Done
Processing: \SAMPLE PEAK SET POSITION 1195.94914891 PEAK 5 SUBPEAK 1

[\] Done
Processing: \SAMPLE PEAK SET WIDTH 0.81631334 PEAK 5 SUBPEAK 1

[\] Done
Processing: \SAMPLE PEAK SET HEIGHT 1.0 PEAK 5 SUBPEAK 1

[\] Done
Processing: \MODEL SET SLA false

[\] Done
Processing: \MODEL SET TA false

[\] Done
Processing: \MODEL SET SE true

[\] Done
Processing: \MODEL SET QEAPLUS true

[\] Done
Processing: \MODEL SET CONVERGENCE 1.0e-2

[\] Done
Processing: \MODEL AUTO NCOL REGION 1

[\] Done
Processing: \MODEL AUTO NTRAJ REGION 1

[\] Done
Processing: \MODEL SIMULATE

[\] Done
Processing: \MODEL SAVE SPECTRA "/home/umar/projects/Thesis/spectraVAE/sessa_generated/spectra/case_00016_full"

[\] Done
Processing: \MODEL SET NCOL 0 REGION 1

[\] Done
Processing: \MODEL AUTO NTRAJ REGION 1

[\] Done
Processing: \MODEL SIMULATE

[\] Done
Processing: \MODEL SAVE SPECTRA "/home/umar/projects/Thesis/spectraVAE/sessa_generated/spectra/case_00016_zero"

[\] Done
Processing: \PROJECT RESET

[\] Done
Processing: \SOURCE SET ALKA

[\] Done
Processing: \PREFERENCES SET ENERGY_SCALE KINETIC

[\] Done
Processing: \PREFERENCES SET DENSITY_SCALE MASS

[\] Done
Processing: \PREFERENCES SET NDIIMFP 1

[\] Done
Processing: \SPECTROMETER SET RANGE 1186.6:1206.6 REGION 1

[\] Done
Processing: \SAMPLE SET MATERIAL /C[CC_CH]0.734968035/C[C_O]0.239883623/C[C_eq_O]0.000001000/C[O_C_eq_O]0.025146342/C[pi_pi_star]0.000001000/O0.320176887/ LAYER 1

[\] Done
Processing: \SAMPLE SET DENSITY 1.15462758 LAYER 1

[\] Done
Processing: \SAMPLE SET EGAP 3.67204622 LAYER 1

[\] Done
Processing: \SAMPLE PEAK SET TYPE GAUSS PEAK 1 SUBPEAK 1

[\] Done
Processing: \SAMPLE PEAK SET POSITION 1199.89307661 PEAK 1 SUBPEAK 1

[\] Done
Processing: \SAMPLE PEAK SET WIDTH 0.30292259 PEAK 1 SUBPEAK 1

[\] Done
Processing: \SAMPLE PEAK SET HEIGHT 1.0 PEAK 1 SUBPEAK 1

[\] Done
Processing: \SAMPLE PEAK SET TYPE GAUSS PEAK 2 SUBPEAK 1

[\] Done
Processing: \SAMPLE PEAK SET POSITION 1198.91397089 PEAK 2 SUBPEAK 1

[\] Done
Processing: \SAMPLE PEAK SET WIDTH 0.42743427 PEAK 2 SUBPEAK 1

[\] Done
Processing: \SAMPLE PEAK SET HEIGHT 1.0 PEAK 2 SUBPEAK 1

[\] Done
Processing: \SAMPLE PEAK SET TYPE GAUSS PEAK 3 SUBPEAK 1

[\] Done
Processing: \SAMPLE PEAK SET POSITION 1197.24697579 PEAK 3 SUBPEAK 1

[\] Done
Processing: \SAMPLE PEAK SET WIDTH 0.39294808 PEAK 3 SUBPEAK 1

[\] Done
Processing: \SAMPLE PEAK SET HEIGHT 1.0 PEAK 3 SUBPEAK 1

[\] Done
Processing: \SAMPLE PEAK SET TYPE GAUSS PEAK 4 SUBPEAK 1

[\] Done
Processing: \SAMPLE PEAK SET POSITION 1195.84215034 PEAK 4 SUBPEAK 1

[\] Done
Processing: \SAMPLE PEAK SET WIDTH 0.41978874 PEAK 4 SUBPEAK 1

[\] Done
Processing: \SAMPLE PEAK SET HEIGHT 1.0 PEAK 4 SUBPEAK 1

[\] Done
Processing: \SAMPLE PEAK SET TYPE GAUSS PEAK 5 SUBPEAK 1

[\] Done
Processing: \SAMPLE PEAK SET POSITION 1193.60986658 PEAK 5 SUBPEAK 1

[\] Done
Processing: \SAMPLE PEAK SET WIDTH 0.34228242 PEAK 5 SUBPEAK 1

[\] Done
Processing: \SAMPLE PEAK SET HEIGHT 1.0 PEAK 5 SUBPEAK 1

[\] Done
Processing: \MODEL SET SLA false

[\] Done
Processing: \MODEL SET TA false

[\] Done
Processing: \MODEL SET SE true

[\] Done
Processing: \MODEL SET QEAPLUS true

[\] Done
Processing: \MODEL SET CONVERGENCE 1.0e-2

[\] Done
Processing: \MODEL AUTO NCOL REGION 1

[\] Done
Processing: \MODEL AUTO NTRAJ REGION 1

[\] Done
Processing: \MODEL SIMULATE

[\] Done
Processing: \MODEL SAVE SPECTRA "/home/umar/projects/Thesis/spectraVAE/sessa_generated/spectra/case_00024_full"

[\] Done
Processing: \MODEL SET NCOL 0 REGION 1

[\] Done
Processing: \MODEL AUTO NTRAJ REGION 1

[\] Done
Processing: \MODEL SIMULATE

[\] Done
Processing: \MODEL SAVE SPECTRA "/home/umar/projects/Thesis/spectraVAE/sessa_generated/spectra/case_00024_zero"

[\] Done
Processing: \PROJECT RESET

[\] Done
Processing: \SOURCE SET ALKA

[\] Done
Processing: \PREFERENCES SET ENERGY_SCALE KINETIC

[\] Done
Processing: \PREFERENCES SET DENSITY_SCALE MASS

[\] Done
Processing: \PREFERENCES SET NDIIMFP 1

[\] Done
Processing: \SPECTROMETER SET RANGE 1186.6:1206.6 REGION 1

[\] Done
Processing: \SAMPLE SET MATERIAL /C[CC_CH]0.060285766/C[C_O]0.033056617/C[C_eq_O]0.169861373/C[O_C_eq_O]0.736639212/C[pi_pi_star]0.000157032/O1.200000000/ LAYER 1

[\] Done
Processing: \SAMPLE SET DENSITY 1.49791556 LAYER 1

[\] Done
Processing: \SAMPLE SET EGAP 6.20958588 LAYER 1

[\] Done
Processing: \SAMPLE PEAK SET TYPE GAUSS PEAK 1 SUBPEAK 1

[\] Done
Processing: \SAMPLE PEAK SET POSITION 1199.90505217 PEAK 1 SUBPEAK 1

[\] Done
Processing: \SAMPLE PEAK SET WIDTH 0.47870638 PEAK 1 SUBPEAK 1

[\] Done
Processing: \SAMPLE PEAK SET HEIGHT 1.0 PEAK 1 SUBPEAK 1

[\] Done
Processing: \SAMPLE PEAK SET TYPE GAUSS PEAK 2 SUBPEAK 1

[\] Done
Processing: \SAMPLE PEAK SET POSITION 1198.38817737 PEAK 2 SUBPEAK 1

[\] Done
Processing: \SAMPLE PEAK SET WIDTH 0.48313015 PEAK 2 SUBPEAK 1

[\] Done
Processing: \SAMPLE PEAK SET HEIGHT 1.0 PEAK 2 SUBPEAK 1

[\] Done
Processing: \SAMPLE PEAK SET TYPE GAUSS PEAK 3 SUBPEAK 1

[\] Done
Processing: \SAMPLE PEAK SET POSITION 1196.69452540 PEAK 3 SUBPEAK 1

[\] Done
Processing: \SAMPLE PEAK SET WIDTH 0.50058915 PEAK 3 SUBPEAK 1

[\] Done
Processing: \SAMPLE PEAK SET HEIGHT 1.0 PEAK 3 SUBPEAK 1

[\] Done
Processing: \SAMPLE PEAK SET TYPE GAUSS PEAK 4 SUBPEAK 1

[\] Done
Processing: \SAMPLE PEAK SET POSITION 1195.69609595 PEAK 4 SUBPEAK 1

[\] Done
Processing: \SAMPLE PEAK SET WIDTH 0.39540655 PEAK 4 SUBPEAK 1

[\] Done
Processing: \SAMPLE PEAK SET HEIGHT 1.0 PEAK 4 SUBPEAK 1

[\] Done
Processing: \SAMPLE PEAK SET TYPE GAUSS PEAK 5 SUBPEAK 1

[\] Done
Processing: \SAMPLE PEAK SET POSITION 1193.30674678 PEAK 5 SUBPEAK 1

[\] Done
Processing: \SAMPLE PEAK SET WIDTH 0.42542813 PEAK 5 SUBPEAK 1

[\] Done
Processing: \SAMPLE PEAK SET HEIGHT 1.0 PEAK 5 SUBPEAK 1

[\] Done
Processing: \MODEL SET SLA false

[\] Done
Processing: \MODEL SET TA false

[\] Done
Processing: \MODEL SET SE true

[\] Done
Processing: \MODEL SET QEAPLUS true

[\] Done
Processing: \MODEL SET CONVERGENCE 1.0e-2

[\] Done
Processing: \MODEL AUTO NCOL REGION 1

[\] Done
Processing: \MODEL AUTO NTRAJ REGION 1

[\] Done
Processing: \MODEL SIMULATE

[\] Done
Processing: \MODEL SAVE SPECTRA "/home/umar/projects/Thesis/spectraVAE/sessa_generated/spectra/case_00032_full"

[\] Done
Processing: \MODEL SET NCOL 0 REGION 1

[\] Done
Processing: \MODEL AUTO NTRAJ REGION 1

[\] Done
Processing: \MODEL SIMULATE

[\] Done
Processing: \MODEL SAVE SPECTRA "/home/umar/projects/Thesis/spectraVAE/sessa_generated/spectra/case_00032_zero"

[\] Done
Processing: \PROJECT RESET

[\] Done
Processing: \SOURCE SET ALKA

[\] Done
Processing: \PREFERENCES SET ENERGY_SCALE KINETIC

[\] Done
Processing: \PREFERENCES SET DENSITY_SCALE MASS

[\] Done
Processing: \PREFERENCES SET NDIIMFP 1

[\] Done
Processing: \SPECTROMETER SET RANGE 1186.6:1206.6 REGION 1

[\] Done
Processing: \SAMPLE SET MATERIAL /C[CC_CH]0.606660431/C[C_O]0.000001000/C[C_eq_O]0.384675351/C[O_C_eq_O]0.007446313/C[pi_pi_star]0.001216905/O0.429568377/ LAYER 1

[\] Done
Processing: \SAMPLE SET DENSITY 1.55944697 LAYER 1

[\] Done
Processing: \SAMPLE SET EGAP 6.74596530 LAYER 1

[\] Done
Processing: \SAMPLE PEAK SET TYPE GAUSS PEAK 1 SUBPEAK 1

[\] Done
Processing: \SAMPLE PEAK SET POSITION 1200.29807471 PEAK 1 SUBPEAK 1

[\] Done
Processing: \SAMPLE PEAK SET WIDTH 0.63813007 PEAK 1 SUBPEAK 1

[\] Done
Processing: \SAMPLE PEAK SET HEIGHT 1.0 PEAK 1 SUBPEAK 1

[\] Done
Processing: \SAMPLE PEAK SET TYPE GAUSS PEAK 2 SUBPEAK 1

[\] Done
Processing: \SAMPLE PEAK SET POSITION 1198.39993451 PEAK 2 SUBPEAK 1

[\] Done
Processing: \SAMPLE PEAK SET WIDTH 0.69494806 PEAK 2 SUBPEAK 1

[\] Done
Processing: \SAMPLE PEAK SET HEIGHT 1.0 PEAK 2 SUBPEAK 1

[\] Done
Processing: \SAMPLE PEAK SET TYPE GAUSS PEAK 3 SUBPEAK 1

[\] Done
Processing: \SAMPLE PEAK SET POSITION 1196.98202736 PEAK 3 SUBPEAK 1

[\] Done
Processing: \SAMPLE PEAK SET WIDTH 0.60838639 PEAK 3 SUBPEAK 1

[\] Done
Processing: \SAMPLE PEAK SET HEIGHT 1.0 PEAK 3 SUBPEAK 1

[\] Done
Processing: \SAMPLE PEAK SET TYPE GAUSS PEAK 4 SUBPEAK 1

[\] Done
Processing: \SAMPLE PEAK SET POSITION 1195.87665720 PEAK 4 SUBPEAK 1

[\] Done
Processing: \SAMPLE PEAK SET WIDTH 0.76322701 PEAK 4 SUBPEAK 1

[\] Done
Processing: \SAMPLE PEAK SET HEIGHT 1.0 PEAK 4 SUBPEAK 1

[\] Done
Processing: \SAMPLE PEAK SET TYPE GAUSS PEAK 5 SUBPEAK 1

[\] Done
Processing: \SAMPLE PEAK SET POSITION 1193.75179214 PEAK 5 SUBPEAK 1

[\] Done
Processing: \SAMPLE PEAK SET WIDTH 0.65743570 PEAK 5 SUBPEAK 1

[\] Done
Processing: \SAMPLE PEAK SET HEIGHT 1.0 PEAK 5 SUBPEAK 1

[\] Done
Processing: \MODEL SET SLA false

[\] Done
Processing: \MODEL SET TA false

[\] Done
Processing: \MODEL SET SE true

[\] Done
Processing: \MODEL SET QEAPLUS true

[\] Done
Processing: \MODEL SET CONVERGENCE 1.0e-2

[\] Done
Processing: \MODEL AUTO NCOL REGION 1

[\] Done
Processing: \MODEL AUTO NTRAJ REGION 1

[\] Done
Processing: \MODEL SIMULATE

[\] Done
Processing: \MODEL SAVE SPECTRA "/home/umar/projects/Thesis/spectraVAE/sessa_generated/spectra/case_00040_full"

[\] Done
Processing: \MODEL SET NCOL 0 REGION 1

[\] Done
Processing: \MODEL AUTO NTRAJ REGION 1

[\] Done
Processing: \MODEL SIMULATE

[\] Done
Processing: \MODEL SAVE SPECTRA "/home/umar/projects/Thesis/spectraVAE/sessa_generated/spectra/case_00040_zero"

[\] Done
Processing: \PROJECT RESET

[\] Done
Processing: \SOURCE SET ALKA

[\] Done
Processing: \PREFERENCES SET ENERGY_SCALE KINETIC

[\] Done
Processing: \PREFERENCES SET DENSITY_SCALE MASS

[\] Done
Processing: \PREFERENCES SET NDIIMFP 1

[\] Done
Processing: \SPECTROMETER SET RANGE 1186.6:1206.6 REGION 1

[\] Done
Processing: \SAMPLE SET MATERIAL /C[CC_CH]0.145348462/C[C_O]0.558693034/C[C_eq_O]0.295956503/C[O_C_eq_O]0.000001000/C[pi_pi_star]0.000001000/O0.884651247/ LAYER 1

[\] Done
Processing: \SAMPLE SET DENSITY 1.31743737 LAYER 1

[\] Done
Processing: \SAMPLE SET EGAP 6.77615633 LAYER 1

[\] Done
Processing: \SAMPLE PEAK SET TYPE GAUSS PEAK 1 SUBPEAK 1

[\] Done
Processing: \SAMPLE PEAK SET POSITION 1200.18176484 PEAK 1 SUBPEAK 1

[\] Done
Processing: \SAMPLE PEAK SET WIDTH 0.53044935 PEAK 1 SUBPEAK 1

[\] Done
Processing: \SAMPLE PEAK SET HEIGHT 1.0 PEAK 1 SUBPEAK 1

[\] Done
Processing: \SAMPLE PEAK SET TYPE GAUSS PEAK 2 SUBPEAK 1

[\] Done
Processing: \SAMPLE PEAK SET POSITION 1198.57268548 PEAK 2 SUBPEAK 1

[\] Done
Processing: \SAMPLE PEAK SET WIDTH 0.47614566 PEAK 2 SUBPEAK 1

[\] Done
Processing: \SAMPLE PEAK SET HEIGHT 1.0 PEAK 2 SUBPEAK 1

[\] Done
Processing: \SAMPLE PEAK SET TYPE GAUSS PEAK 3 SUBPEAK 1

[\] Done
Processing: \SAMPLE PEAK SET POSITION 1197.20707928 PEAK 3 SUBPEAK 1

[\] Done
Processing: \SAMPLE PEAK SET WIDTH 0.47692077 PEAK 3 SUBPEAK 1

[\] Done
Processing: \SAMPLE PEAK SET HEIGHT 1.0 PEAK 3 SUBPEAK 1

[\] Done
Processing: \SAMPLE PEAK SET TYPE GAUSS PEAK 4 SUBPEAK 1

[\] Done
Processing: \SAMPLE PEAK SET POSITION 1195.73477108 PEAK 4 SUBPEAK 1

[\] Done
Processing: \SAMPLE PEAK SET WIDTH 0.46872770 PEAK 4 SUBPEAK 1

[\] Done
Processing: \SAMPLE PEAK SET HEIGHT 1.0 PEAK 4 SUBPEAK 1

[\] Done
Processing: \SAMPLE PEAK SET TYPE GAUSS PEAK 5 SUBPEAK 1

[\] Done
Processing: \SAMPLE PEAK SET POSITION 1193.85311260 PEAK 5 SUBPEAK 1

[\] Done
Processing: \SAMPLE PEAK SET WIDTH 0.45732880 PEAK 5 SUBPEAK 1

[\] Done
Processing: \SAMPLE PEAK SET HEIGHT 1.0 PEAK 5 SUBPEAK 1

[\] Done
Processing: \MODEL SET SLA false

[\] Done
Processing: \MODEL SET TA false

[\] Done
Processing: \MODEL SET SE true

[\] Done
Processing: \MODEL SET QEAPLUS true

[\] Done
Processing: \MODEL SET CONVERGENCE 1.0e-2

[\] Done
Processing: \MODEL AUTO NCOL REGION 1

[\] Done
Processing: \MODEL AUTO NTRAJ REGION 1

[\] Done
Processing: \MODEL SIMULATE

[\] Done
Processing: \MODEL SAVE SPECTRA "/home/umar/projects/Thesis/spectraVAE/sessa_generated/spectra/case_00048_full"

[\] Done
Processing: \MODEL SET NCOL 0 REGION 1

[\] Done
Processing: \MODEL AUTO NTRAJ REGION 1

[\] Done
Processing: \MODEL SIMULATE

[\] Done
Processing: \MODEL SAVE SPECTRA "/home/umar/projects/Thesis/spectraVAE/sessa_generated/spectra/case_00048_zero"

[\] Done
Processing: \PROJECT RESET

[\] Done
Processing: \SOURCE SET ALKA

[\] Done
Processing: \PREFERENCES SET ENERGY_SCALE KINETIC

[\] Done
Processing: \PREFERENCES SET DENSITY_SCALE MASS

[\] Done
Processing: \PREFERENCES SET NDIIMFP 1

[\] Done
Processing: \SPECTROMETER SET RANGE 1186.6:1206.6 REGION 1

[\] Done
Processing: \SAMPLE SET MATERIAL /C[CC_CH]0.606572705/C[C_O]0.052379643/C[C_eq_O]0.296368520/C[O_C_eq_O]0.044678132/C[pi_pi_star]0.000001000/O0.468104864/ LAYER 1

[\] Done
Processing: \SAMPLE SET DENSITY 1.35655599 LAYER 1

[\] Done
Processing: \SAMPLE SET EGAP 3.75615872 LAYER 1

[\] Done
Processing: \SAMPLE PEAK SET TYPE GAUSS PEAK 1 SUBPEAK 1

[\] Done
Processing: \SAMPLE PEAK SET POSITION 1201.49571078 PEAK 1 SUBPEAK 1

[\] Done
Processing: \SAMPLE PEAK SET WIDTH 0.65484482 PEAK 1 SUBPEAK 1

[\] Done
Processing: \SAMPLE PEAK SET HEIGHT 1.0 PEAK 1 SUBPEAK 1

[\] Done
Processing: \SAMPLE PEAK SET TYPE GAUSS PEAK 2 SUBPEAK 1

[\] Done
Processing: \SAMPLE PEAK SET POSITION 1200.09457733 PEAK 2 SUBPEAK 1

[\] Done
Processing: \SAMPLE PEAK SET WIDTH 0.56183966 PEAK 2 SUBPEAK 1

[\] Done
Processing: \SAMPLE PEAK SET HEIGHT 1.0 PEAK 2 SUBPEAK 1

[\] Done
Processing: \SAMPLE PEAK SET TYPE GAUSS PEAK 3 SUBPEAK 1

[\] Done
Processing: \SAMPLE PEAK SET POSITION 1198.54987536 PEAK 3 SUBPEAK 1

[\] Done
Processing: \SAMPLE PEAK SET WIDTH 0.48617090 PEAK 3 SUBPEAK 1

[\] Done
Processing: \SAMPLE PEAK SET HEIGHT 1.0 PEAK 3 SUBPEAK 1

[\] Done
Processing: \SAMPLE PEAK SET TYPE GAUSS PEAK 4 SUBPEAK 1

[\] Done
Processing: \SAMPLE PEAK SET POSITION 1197.49682906 PEAK 4 SUBPEAK 1

[\] Done
Processing: \SAMPLE PEAK SET WIDTH 0.50167905 PEAK 4 SUBPEAK 1

[\] Done
Processing: \SAMPLE PEAK SET HEIGHT 1.0 PEAK 4 SUBPEAK 1

[\] Done
Processing: \SAMPLE PEAK SET TYPE GAUSS PEAK 5 SUBPEAK 1

[\] Done
Processing: \SAMPLE PEAK SET POSITION 1195.12742003 PEAK 5 SUBPEAK 1

[\] Done
Processing: \SAMPLE PEAK SET WIDTH 0.56817990 PEAK 5 SUBPEAK 1

[\] Done
Processing: \SAMPLE PEAK SET HEIGHT 1.0 PEAK 5 SUBPEAK 1

[\] Done
Processing: \MODEL SET SLA false

[\] Done
Processing: \MODEL SET TA false

[\] Done
Processing: \MODEL SET SE true

[\] Done
Processing: \MODEL SET QEAPLUS true

[\] Done
Processing: \MODEL SET CONVERGENCE 1.0e-2

[\] Done
Processing: \MODEL AUTO NCOL REGION 1

[\] Done
Processing: \MODEL AUTO NTRAJ REGION 1

[\] Done
Processing: \MODEL SIMULATE

[\] Done
Processing: \MODEL SAVE SPECTRA "/home/umar/projects/Thesis/spectraVAE/sessa_generated/spectra/case_00056_full"

[\] Done
Processing: \MODEL SET NCOL 0 REGION 1

[\] Done
Processing: \MODEL AUTO NTRAJ REGION 1

[\] Done
Processing: \MODEL SIMULATE

[\] Done
Processing: \MODEL SAVE SPECTRA "/home/umar/projects/Thesis/spectraVAE/sessa_generated/spectra/case_00056_zero"

[\] Done
Processing: \PROJECT RESET

[\] Done
Processing: \SOURCE SET ALKA

[\] Done
Processing: \PREFERENCES SET ENERGY_SCALE KINETIC

[\] Done
Processing: \PREFERENCES SET DENSITY_SCALE MASS

[\] Done
Processing: \PREFERENCES SET NDIIMFP 1

[\] Done
Processing: \SPECTROMETER SET RANGE 1186.6:1206.6 REGION 1

[\] Done
Processing: \SAMPLE SET MATERIAL /C[CC_CH]0.297179392/C[C_O]0.274506328/C[C_eq_O]0.214629646/C[O_C_eq_O]0.190806320/C[pi_pi_star]0.022878314/O0.900748615/ LAYER 1

[\] Done
Processing: \SAMPLE SET DENSITY 1.34247917 LAYER 1

[\] Done
Processing: \SAMPLE SET EGAP 3.00926512 LAYER 1

[\] Done
Processing: \SAMPLE PEAK SET TYPE GAUSS PEAK 1 SUBPEAK 1

[\] Done
Processing: \SAMPLE PEAK SET POSITION 1202.34665574 PEAK 1 SUBPEAK 1

[\] Done
Processing: \SAMPLE PEAK SET WIDTH 0.43819473 PEAK 1 SUBPEAK 1

[\] Done
Processing: \SAMPLE PEAK SET HEIGHT 1.0 PEAK 1 SUBPEAK 1

[\] Done
Processing: \SAMPLE PEAK SET TYPE GAUSS PEAK 2 SUBPEAK 1

[\] Done
Processing: \SAMPLE PEAK SET POSITION 1200.73385447 PEAK 2 SUBPEAK 1

[\] Done
Processing: \SAMPLE PEAK SET WIDTH 0.39171895 PEAK 2 SUBPEAK 1

[\] Done
Processing: \SAMPLE PEAK SET HEIGHT 1.0 PEAK 2 SUBPEAK 1

[\] Done
Processing: \SAMPLE PEAK SET TYPE GAUSS PEAK 3 SUBPEAK 1

[\] Done
Processing: \SAMPLE PEAK SET POSITION 1199.19803174 PEAK 3 SUBPEAK 1

[\] Done
Processing: \SAMPLE PEAK SET WIDTH 0.42472310 PEAK 3 SUBPEAK 1

[\] Done
Processing: \SAMPLE PEAK SET HEIGHT 1.0 PEAK 3 SUBPEAK 1

[\] Done
Processing: \SAMPLE PEAK SET TYPE GAUSS PEAK 4 SUBPEAK 1

[\] Done
Processing: \SAMPLE PEAK SET POSITION 1197.96633285 PEAK 4 SUBPEAK 1

[\] Done
Processing: \SAMPLE PEAK SET WIDTH 0.43568329 PEAK 4 SUBPEAK 1

[\] Done
Processing: \SAMPLE PEAK SET HEIGHT 1.0 PEAK 4 SUBPEAK 1

[\] Done
Processing: \SAMPLE PEAK SET TYPE GAUSS PEAK 5 SUBPEAK 1

[\] Done
Processing: \SAMPLE PEAK SET POSITION 1196.05522793 PEAK 5 SUBPEAK 1

[\] Done
Processing: \SAMPLE PEAK SET WIDTH 0.42763806 PEAK 5 SUBPEAK 1

[\] Done
Processing: \SAMPLE PEAK SET HEIGHT 1.0 PEAK 5 SUBPEAK 1

[\] Done
Processing: \MODEL SET SLA false

[\] Done
Processing: \MODEL SET TA false

[\] Done
Processing: \MODEL SET SE true

[\] Done
Processing: \MODEL SET QEAPLUS true

[\] Done
Processing: \MODEL SET CONVERGENCE 1.0e-2

[\] Done
Processing: \MODEL AUTO NCOL REGION 1

[\] Done
Processing: \MODEL AUTO NTRAJ REGION 1

[\] Done
Processing: \MODEL SIMULATE

[\] Done
Processing: \MODEL SAVE SPECTRA "/home/umar/projects/Thesis/spectraVAE/sessa_generated/spectra/case_00064_full"

[\] Done
Processing: \MODEL SET NCOL 0 REGION 1

[\] Done
Processing: \MODEL AUTO NTRAJ REGION 1

[\] Done
Processing: \MODEL SIMULATE

[\] Done
Processing: \MODEL SAVE SPECTRA "/home/umar/projects/Thesis/spectraVAE/sessa_generated/spectra/case_00064_zero"

[\] Done
Processing: \PROJECT RESET

[\] Done
Processing: \SOURCE SET ALKA

[\] Done
Processing: \PREFERENCES SET ENERGY_SCALE KINETIC

[\] Done
Processing: \PREFERENCES SET DENSITY_SCALE MASS

[\] Done
Processing: \PREFERENCES SET NDIIMFP 1

[\] Done
Processing: \SPECTROMETER SET RANGE 1186.6:1206.6 REGION 1

[\] Done
Processing: \SAMPLE SET MATERIAL /C[CC_CH]0.029943172/C[C_O]0.238856744/C[C_eq_O]0.323664061/C[O_C_eq_O]0.390505172/C[pi_pi_star]0.017030850/O1.200000000/ LAYER 1

[\] Done
Processing: \SAMPLE SET DENSITY 1.41129296 LAYER 1

[\] Done
Processing: \SAMPLE SET EGAP 3.69553241 LAYER 1

[\] Done
Processing: \SAMPLE PEAK SET TYPE GAUSS PEAK 1 SUBPEAK 1

[\] Done
Processing: \SAMPLE PEAK SET POSITION 1202.05590066 PEAK 1 SUBPEAK 1

[\] Done
Processing: \SAMPLE PEAK SET WIDTH 0.38324044 PEAK 1 SUBPEAK 1

[\] Done
Processing: \SAMPLE PEAK SET HEIGHT 1.0 PEAK 1 SUBPEAK 1

[\] Done
Processing: \SAMPLE PEAK SET TYPE GAUSS PEAK 2 SUBPEAK 1

[\] Done
Processing: \SAMPLE PEAK SET POSITION 1200.59843824 PEAK 2 SUBPEAK 1

[\] Done
Processing: \SAMPLE PEAK SET WIDTH 0.40616923 PEAK 2 SUBPEAK 1

[\] Done
Processing: \SAMPLE PEAK SET HEIGHT 1.0 PEAK 2 SUBPEAK 1

[\] Done
Processing: \SAMPLE PEAK SET TYPE GAUSS PEAK 3 SUBPEAK 1

[\] Done
Processing: \SAMPLE PEAK SET POSITION 1199.52912609 PEAK 3 SUBPEAK 1

[\] Done
Processing: \SAMPLE PEAK SET WIDTH 0.45244271 PEAK 3 SUBPEAK 1

[\] Done
Processing: \SAMPLE PEAK SET HEIGHT 1.0 PEAK 3 SUBPEAK 1

[\] Done
Processing: \SAMPLE PEAK SET TYPE GAUSS PEAK 4 SUBPEAK 1

[\] Done
Processing: \SAMPLE PEAK SET POSITION 1197.58159321 PEAK 4 SUBPEAK 1

[\] Done
Processing: \SAMPLE PEAK SET WIDTH 0.37647089 PEAK 4 SUBPEAK 1

[\] Done
Processing: \SAMPLE PEAK SET HEIGHT 1.0 PEAK 4 SUBPEAK 1

[\] Done
Processing: \SAMPLE PEAK SET TYPE GAUSS PEAK 5 SUBPEAK 1

[\] Done
Processing: \SAMPLE PEAK SET POSITION 1195.51749663 PEAK 5 SUBPEAK 1

[\] Done
Processing: \SAMPLE PEAK SET WIDTH 0.38194213 PEAK 5 SUBPEAK 1

[\] Done
Processing: \SAMPLE PEAK SET HEIGHT 1.0 PEAK 5 SUBPEAK 1

[\] Done
Processing: \MODEL SET SLA false

[\] Done
Processing: \MODEL SET TA false

[\] Done
Processing: \MODEL SET SE true

[\] Done
Processing: \MODEL SET QEAPLUS true

[\] Done
Processing: \MODEL SET CONVERGENCE 1.0e-2

[\] Done
Processing: \MODEL AUTO NCOL REGION 1

[\] Done
Processing: \MODEL AUTO NTRAJ REGION 1

[\] Done
Processing: \MODEL SIMULATE

[\] Done
Processing: \MODEL SAVE SPECTRA "/home/umar/projects/Thesis/spectraVAE/sessa_generated/spectra/case_00072_full"

[\] Done
Processing: \MODEL SET NCOL 0 REGION 1

[\] Done
Processing: \MODEL AUTO NTRAJ REGION 1

[\] Done
Processing: \MODEL SIMULATE

[\] Done
Processing: \MODEL SAVE SPECTRA "/home/umar/projects/Thesis/spectraVAE/sessa_generated/spectra/case_00072_zero"

[\] Done
Processing: \PROJECT RESET

[\] Done
Processing: \SOURCE SET ALKA

[\] Done
Processing: \PREFERENCES SET ENERGY_SCALE KINETIC

[\] Done
Processing: \PREFERENCES SET DENSITY_SCALE MASS

[\] Done
Processing: \PREFERENCES SET NDIIMFP 1

[\] Done
Processing: \SPECTROMETER SET RANGE 1186.6:1206.6 REGION 1

[\] Done
Processing: \SAMPLE SET MATERIAL /C[CC_CH]0.216729251/C[C_O]0.419323267/C[C_eq_O]0.192649471/C[O_C_eq_O]0.171297012/C[pi_pi_star]0.000001000/O0.984567716/ LAYER 1

[\] Done
Processing: \SAMPLE SET DENSITY 1.68017052 LAYER 1

[\] Done
Processing: \SAMPLE SET EGAP 3.00237289 LAYER 1

[\] Done
Processing: \SAMPLE PEAK SET TYPE GAUSS PEAK 1 SUBPEAK 1

[\] Done
Processing: \SAMPLE PEAK SET POSITION 1201.83952801 PEAK 1 SUBPEAK 1

[\] Done
Processing: \SAMPLE PEAK SET WIDTH 0.59393942 PEAK 1 SUBPEAK 1

[\] Done
Processing: \SAMPLE PEAK SET HEIGHT 1.0 PEAK 1 SUBPEAK 1

[\] Done
Processing: \SAMPLE PEAK SET TYPE GAUSS PEAK 2 SUBPEAK 1

[\] Done
Processing: \SAMPLE PEAK SET POSITION 1200.63809091 PEAK 2 SUBPEAK 1

[\] Done
Processing: \SAMPLE PEAK SET WIDTH 0.57697999 PEAK 2 SUBPEAK 1

[\] Done
Processing: \SAMPLE PEAK SET HEIGHT 1.0 PEAK 2 SUBPEAK 1

[\] Done
Processing: \SAMPLE PEAK SET TYPE GAUSS PEAK 3 SUBPEAK 1

[\] Done
Processing: \SAMPLE PEAK SET POSITION 1198.88597510 PEAK 3 SUBPEAK 1

[\] Done
Processing: \SAMPLE PEAK SET WIDTH 0.55499671 PEAK 3 SUBPEAK 1

[\] Done
Processing: \SAMPLE PEAK SET HEIGHT 1.0 PEAK 3 SUBPEAK 1

[\] Done
Processing: \SAMPLE PEAK SET TYPE GAUSS PEAK 4 SUBPEAK 1

[\] Done
Processing: \SAMPLE PEAK SET POSITION 1197.57705242 PEAK 4 SUBPEAK 1

[\] Done
Processing: \SAMPLE PEAK SET WIDTH 0.55100746 PEAK 4 SUBPEAK 1

[\] Done
Processing: \SAMPLE PEAK SET HEIGHT 1.0 PEAK 4 SUBPEAK 1

[\] Done
Processing: \SAMPLE PEAK SET TYPE GAUSS PEAK 5 SUBPEAK 1

[\] Done
Processing: \SAMPLE PEAK SET POSITION 1195.02401735 PEAK 5 SUBPEAK 1

[\] Done
Processing: \SAMPLE PEAK SET WIDTH 0.53789200 PEAK 5 SUBPEAK 1

[\] Done
Processing: \SAMPLE PEAK SET HEIGHT 1.0 PEAK 5 SUBPEAK 1

[\] Done
Processing: \MODEL SET SLA false

[\] Done
Processing: \MODEL SET TA false

[\] Done
Processing: \MODEL SET SE true

[\] Done
Processing: \MODEL SET QEAPLUS true

[\] Done
Processing: \MODEL SET CONVERGENCE 1.0e-2

[\] Done
Processing: \MODEL AUTO NCOL REGION 1

[\] Done
Processing: \MODEL AUTO NTRAJ REGION 1

[\] Done
Processing: \MODEL SIMULATE

[\] Done
Processing: \MODEL SAVE SPECTRA "/home/umar/projects/Thesis/spectraVAE/sessa_generated/spectra/case_00080_full"

[\] Done
Processing: \MODEL SET NCOL 0 REGION 1

[\] Done
Processing: \MODEL AUTO NTRAJ REGION 1

[\] Done
Processing: \MODEL SIMULATE

[\] Done
Processing: \MODEL SAVE SPECTRA "/home/umar/projects/Thesis/spectraVAE/sessa_generated/spectra/case_00080_zero"

[\] Done
Processing: \PROJECT RESET

[\] Done
Processing: \SOURCE SET ALKA

[\] Done
Processing: \PREFERENCES SET ENERGY_SCALE KINETIC

[\] Done
Processing: \PREFERENCES SET DENSITY_SCALE MASS

[\] Done
Processing: \PREFERENCES SET NDIIMFP 1

[\] Done
Processing: \SPECTROMETER SET RANGE 1186.6:1206.6 REGION 1

[\] Done
Processing: \SAMPLE SET MATERIAL /C[CC_CH]0.472947923/C[C_O]0.177614276/C[C_eq_O]0.093430160/C[O_C_eq_O]0.256006641/C[pi_pi_star]0.000001000/O0.813058501/ LAYER 1

[\] Done
Processing: \SAMPLE SET DENSITY 1.40881896 LAYER 1

[\] Done
Processing: \SAMPLE SET EGAP 6.45224142 LAYER 1

[\] Done
Processing: \SAMPLE PEAK SET TYPE GAUSS PEAK 1 SUBPEAK 1

[\] Done
Processing: \SAMPLE PEAK SET POSITION 1201.31830638 PEAK 1 SUBPEAK 1

[\] Done
Processing: \SAMPLE PEAK SET WIDTH 0.40175005 PEAK 1 SUBPEAK 1

[\] Done
Processing: \SAMPLE PEAK SET HEIGHT 1.0 PEAK 1 SUBPEAK 1

[\] Done
Processing: \SAMPLE PEAK SET TYPE GAUSS PEAK 2 SUBPEAK 1

[\] Done
Processing: \SAMPLE PEAK SET POSITION 1199.91453223 PEAK 2 SUBPEAK 1

[\] Done
Processing: \SAMPLE PEAK SET WIDTH 0.47457359 PEAK 2 SUBPEAK 1

[\] Done
Processing: \SAMPLE PEAK SET HEIGHT 1.0 PEAK 2 SUBPEAK 1

[\] Done
Processing: \SAMPLE PEAK SET TYPE GAUSS PEAK 3 SUBPEAK 1

[\] Done
Processing: \SAMPLE PEAK SET POSITION 1198.48500917 PEAK 3 SUBPEAK 1

[\] Done
Processing: \SAMPLE PEAK SET WIDTH 0.48087737 PEAK 3 SUBPEAK 1

[\] Done
Processing: \SAMPLE PEAK SET HEIGHT 1.0 PEAK 3 SUBPEAK 1

[\] Done
Processing: \SAMPLE PEAK SET TYPE GAUSS PEAK 4 SUBPEAK 1

[\] Done
Processing: \SAMPLE PEAK SET POSITION 1197.17603936 PEAK 4 SUBPEAK 1

[\] Done
Processing: \SAMPLE PEAK SET WIDTH 0.42846347 PEAK 4 SUBPEAK 1

[\] Done
Processing: \SAMPLE PEAK SET HEIGHT 1.0 PEAK 4 SUBPEAK 1

[\] Done
Processing: \SAMPLE PEAK SET TYPE GAUSS PEAK 5 SUBPEAK 1

[\] Done
Processing: \SAMPLE PEAK SET POSITION 1195.17944569 PEAK 5 SUBPEAK 1

[\] Done
Processing: \SAMPLE PEAK SET WIDTH 0.37290055 PEAK 5 SUBPEAK 1

[\] Done
Processing: \SAMPLE PEAK SET HEIGHT 1.0 PEAK 5 SUBPEAK 1

[\] Done
Processing: \MODEL SET SLA false

[\] Done
Processing: \MODEL SET TA false

[\] Done
Processing: \MODEL SET SE true

[\] Done
Processing: \MODEL SET QEAPLUS true

[\] Done
Processing: \MODEL SET CONVERGENCE 1.0e-2

[\] Done
Processing: \MODEL AUTO NCOL REGION 1

[\] Done
Processing: \MODEL AUTO NTRAJ REGION 1

[\] Done
Processing: \MODEL SIMULATE

[\] Done
Processing: \MODEL SAVE SPECTRA "/home/umar/projects/Thesis/spectraVAE/sessa_generated/spectra/case_00088_full"

[\] Done
Processing: \MODEL SET NCOL 0 REGION 1

[\] Done
Processing: \MODEL AUTO NTRAJ REGION 1

[\] Done
Processing: \MODEL SIMULATE

[\] Done
Processing: \MODEL SAVE SPECTRA "/home/umar/projects/Thesis/spectraVAE/sessa_generated/spectra/case_00088_zero"

[\] Done
Processing: \PROJECT RESET

[\] Done
Processing: \SOURCE SET ALKA

[\] Done
Processing: \PREFERENCES SET ENERGY_SCALE KINETIC

[\] Done
Processing: \PREFERENCES SET DENSITY_SCALE MASS

[\] Done
Processing: \PREFERENCES SET NDIIMFP 1

[\] Done
Processing: \SPECTROMETER SET RANGE 1186.6:1206.6 REGION 1

[\] Done
Processing: \SAMPLE SET MATERIAL /C[CC_CH]0.020293109/C[C_O]0.131837089/C[C_eq_O]0.226450299/C[O_C_eq_O]0.621418503/C[pi_pi_star]0.000001000/O1.200000000/ LAYER 1

[\] Done
Processing: \SAMPLE SET DENSITY 1.32180258 LAYER 1

[\] Done
Processing: \SAMPLE SET EGAP 5.97940924 LAYER 1

[\] Done
Processing: \SAMPLE PEAK SET TYPE GAUSS PEAK 1 SUBPEAK 1

[\] Done
Processing: \SAMPLE PEAK SET POSITION 1199.57314633 PEAK 1 SUBPEAK 1

[\] Done
Processing: \SAMPLE PEAK SET WIDTH 0.63485785 PEAK 1 SUBPEAK 1

[\] Done
Processing: \SAMPLE PEAK SET HEIGHT 1.0 PEAK 1 SUBPEAK 1

[\] Done
Processing: \SAMPLE PEAK SET TYPE GAUSS PEAK 2 SUBPEAK 1

[\] Done
Processing: \SAMPLE PEAK SET POSITION 1198.10597546 PEAK 2 SUBPEAK 1

[\] Done
Processing: \SAMPLE PEAK SET WIDTH 0.57174619 PEAK 2 SUBPEAK 1

[\] Done
Processing: \SAMPLE PEAK SET HEIGHT 1.0 PEAK 2 SUBPEAK 1

[\] Done
Processing: \SAMPLE PEAK SET TYPE GAUSS PEAK 3 SUBPEAK 1

[\] Done
Processing: \SAMPLE PEAK SET POSITION 1196.57475151 PEAK 3 SUBPEAK 1

[\] Done
Processing: \SAMPLE PEAK SET WIDTH 0.63042536 PEAK 3 SUBPEAK 1

[\] Done
Processing: \SAMPLE PEAK SET HEIGHT 1.0 PEAK 3 SUBPEAK 1

[\] Done
Processing: \SAMPLE PEAK SET TYPE GAUSS PEAK 4 SUBPEAK 1

[\] Done
Processing: \SAMPLE PEAK SET POSITION 1195.26717812 PEAK 4 SUBPEAK 1

[\] Done
Processing: \SAMPLE PEAK SET WIDTH 0.67980963 PEAK 4 SUBPEAK 1

[\] Done
Processing: \SAMPLE PEAK SET HEIGHT 1.0 PEAK 4 SUBPEAK 1

[\] Done
Processing: \SAMPLE PEAK SET TYPE GAUSS PEAK 5 SUBPEAK 1

[\] Done
Processing: \SAMPLE PEAK SET POSITION 1193.23940432 PEAK 5 SUBPEAK 1

[\] Done
Processing: \SAMPLE PEAK SET WIDTH 0.63927647 PEAK 5 SUBPEAK 1

[\] Done
Processing: \SAMPLE PEAK SET HEIGHT 1.0 PEAK 5 SUBPEAK 1

[\] Done
Processing: \MODEL SET SLA false

[\] Done
Processing: \MODEL SET TA false

[\] Done
Processing: \MODEL SET SE true

[\] Done
Processing: \MODEL SET QEAPLUS true

[\] Done
Processing: \MODEL SET CONVERGENCE 1.0e-2

[\] Done
Processing: \MODEL AUTO NCOL REGION 1

[\] Done
Processing: \MODEL AUTO NTRAJ REGION 1

[\] Done
Processing: \MODEL SIMULATE

[\] Done
Processing: \MODEL SAVE SPECTRA "/home/umar/projects/Thesis/spectraVAE/sessa_generated/spectra/case_00096_full"

[\] Done
Processing: \MODEL SET NCOL 0 REGION 1

[\] Done
Processing: \MODEL AUTO NTRAJ REGION 1

[\] Done
Processing: \MODEL SIMULATE

[\] Done
Processing: \MODEL SAVE SPECTRA "/home/umar/projects/Thesis/spectraVAE/sessa_generated/spectra/case_00096_zero"

[\] Done
Processing: \PROJECT RESET

[\] Done
Processing: \SOURCE SET ALKA

[\] Done
Processing: \PREFERENCES SET ENERGY_SCALE KINETIC

[\] Done
Processing: \PREFERENCES SET DENSITY_SCALE MASS

[\] Done
Processing: \PREFERENCES SET NDIIMFP 1

[\] Done
Processing: \SPECTROMETER SET RANGE 1186.6:1206.6 REGION 1

[\] Done
Processing: \SAMPLE SET MATERIAL /C[CC_CH]0.055793418/C[C_O]0.000001000/C[C_eq_O]0.889493513/C[O_C_eq_O]0.054711069/C[pi_pi_star]0.000001000/O1.028917649/ LAYER 1

[\] Done
Processing: \SAMPLE SET DENSITY 1.49666857 LAYER 1

[\] Done
Processing: \SAMPLE SET EGAP 5.40005319 LAYER 1

[\] Done
Processing: \SAMPLE PEAK SET TYPE GAUSS PEAK 1 SUBPEAK 1

[\] Done
Processing: \SAMPLE PEAK SET POSITION 1200.42386617 PEAK 1 SUBPEAK 1

[\] Done
Processing: \SAMPLE PEAK SET WIDTH 0.36815963 PEAK 1 SUBPEAK 1

[\] Done
Processing: \SAMPLE PEAK SET HEIGHT 1.0 PEAK 1 SUBPEAK 1

[\] Done
Processing: \SAMPLE PEAK SET TYPE GAUSS PEAK 2 SUBPEAK 1

[\] Done
Processing: \SAMPLE PEAK SET POSITION 1199.24316221 PEAK 2 SUBPEAK 1

[\] Done
Processing: \SAMPLE PEAK SET WIDTH 0.48150297 PEAK 2 SUBPEAK 1

[\] Done
Processing: \SAMPLE PEAK SET HEIGHT 1.0 PEAK 2 SUBPEAK 1

[\] Done
Processing: \SAMPLE PEAK SET TYPE GAUSS PEAK 3 SUBPEAK 1

[\] Done
Processing: \SAMPLE PEAK SET POSITION 1197.33068917 PEAK 3 SUBPEAK 1

[\] Done
Processing: \SAMPLE PEAK SET WIDTH 0.44665071 PEAK 3 SUBPEAK 1

[\] Done
Processing: \SAMPLE PEAK SET HEIGHT 1.0 PEAK 3 SUBPEAK 1

[\] Done
Processing: \SAMPLE PEAK SET TYPE GAUSS PEAK 4 SUBPEAK 1

[\] Done
Processing: \SAMPLE PEAK SET POSITION 1195.94545966 PEAK 4 SUBPEAK 1

[\] Done
Processing: \SAMPLE PEAK SET WIDTH 0.45157951 PEAK 4 SUBPEAK 1

[\] Done
Processing: \SAMPLE PEAK SET HEIGHT 1.0 PEAK 4 SUBPEAK 1

[\] Done
Processing: \SAMPLE PEAK SET TYPE GAUSS PEAK 5 SUBPEAK 1

[\] Done
Processing: \SAMPLE PEAK SET POSITION 1194.25220243 PEAK 5 SUBPEAK 1

[\] Done
Processing: \SAMPLE PEAK SET WIDTH 0.51741698 PEAK 5 SUBPEAK 1

[\] Done
Processing: \SAMPLE PEAK SET HEIGHT 1.0 PEAK 5 SUBPEAK 1

[\] Done
Processing: \MODEL SET SLA false

[\] Done
Processing: \MODEL SET TA false

[\] Done
Processing: \MODEL SET SE true

[\] Done
Processing: \MODEL SET QEAPLUS true

[\] Done
Processing: \MODEL SET CONVERGENCE 1.0e-2

[\] Done
Processing: \MODEL AUTO NCOL REGION 1

[\] Done
Processing: \MODEL AUTO NTRAJ REGION 1

[\] Done
Processing: \MODEL SIMULATE

[\] Done
Processing: \MODEL SAVE SPECTRA "/home/umar/projects/Thesis/spectraVAE/sessa_generated/spectra/case_00104_full"

[\] Done
Processing: \MODEL SET NCOL 0 REGION 1

[\] Done
Processing: \MODEL AUTO NTRAJ REGION 1

[\] Done
Processing: \MODEL SIMULATE

[\] Done
Processing: \MODEL SAVE SPECTRA "/home/umar/projects/Thesis/spectraVAE/sessa_generated/spectra/case_00104_zero"

[\] Done
Processing: \PROJECT RESET

[\] Done
Processing: \SOURCE SET ALKA

[\] Done
Processing: \PREFERENCES SET ENERGY_SCALE KINETIC

[\] Done
Processing: \PREFERENCES SET DENSITY_SCALE MASS

[\] Done
Processing: \PREFERENCES SET NDIIMFP 1

[\] Done
Processing: \SPECTROMETER SET RANGE 1186.6:1206.6 REGION 1

[\] Done
Processing: \SAMPLE SET MATERIAL /C[CC_CH]0.390657096/C[C_O]0.000001000/C[C_eq_O]0.197538561/C[O_C_eq_O]0.411584018/C[pi_pi_star]0.000219325/O1.050707617/ LAYER 1

[\] Done
Processing: \SAMPLE SET DENSITY 1.33019057 LAYER 1

[\] Done
Processing: \SAMPLE SET EGAP 6.15345432 LAYER 1

[\] Done
Processing: \SAMPLE PEAK SET TYPE GAUSS PEAK 1 SUBPEAK 1

[\] Done
Processing: \SAMPLE PEAK SET POSITION 1200.14979176 PEAK 1 SUBPEAK 1

[\] Done
Processing: \SAMPLE PEAK SET WIDTH 0.36726506 PEAK 1 SUBPEAK 1

[\] Done
Processing: \SAMPLE PEAK SET HEIGHT 1.0 PEAK 1 SUBPEAK 1

[\] Done
Processing: \SAMPLE PEAK SET TYPE GAUSS PEAK 2 SUBPEAK 1

[\] Done
Processing: \SAMPLE PEAK SET POSITION 1198.67712784 PEAK 2 SUBPEAK 1

[\] Done
Processing: \SAMPLE PEAK SET WIDTH 0.35650930 PEAK 2 SUBPEAK 1

[\] Done
Processing: \SAMPLE PEAK SET HEIGHT 1.0 PEAK 2 SUBPEAK 1

[\] Done
Processing: \SAMPLE PEAK SET TYPE GAUSS PEAK 3 SUBPEAK 1

[\] Done
Processing: \SAMPLE PEAK SET POSITION 1197.13744240 PEAK 3 SUBPEAK 1

[\] Done
Processing: \SAMPLE PEAK SET WIDTH 0.41485003 PEAK 3 SUBPEAK 1

[\] Done
Processing: \SAMPLE PEAK SET HEIGHT 1.0 PEAK 3 SUBPEAK 1

[\] Done
Processing: \SAMPLE PEAK SET TYPE GAUSS PEAK 4 SUBPEAK 1

[\] Done
Processing: \SAMPLE PEAK SET POSITION 1195.71673082 PEAK 4 SUBPEAK 1

[\] Done
Processing: \SAMPLE PEAK SET WIDTH 0.45966726 PEAK 4 SUBPEAK 1

[\] Done
Processing: \SAMPLE PEAK SET HEIGHT 1.0 PEAK 4 SUBPEAK 1

[\] Done
Processing: \SAMPLE PEAK SET TYPE GAUSS PEAK 5 SUBPEAK 1

[\] Done
Processing: \SAMPLE PEAK SET POSITION 1193.79820859 PEAK 5 SUBPEAK 1

[\] Done
Processing: \SAMPLE PEAK SET WIDTH 0.31067943 PEAK 5 SUBPEAK 1

[\] Done
Processing: \SAMPLE PEAK SET HEIGHT 1.0 PEAK 5 SUBPEAK 1

[\] Done
Processing: \MODEL SET SLA false

[\] Done
Processing: \MODEL SET TA false

[\] Done
Processing: \MODEL SET SE true

[\] Done
Processing: \MODEL SET QEAPLUS true

[\] Done
Processing: \MODEL SET CONVERGENCE 1.0e-2

[\] Done
Processing: \MODEL AUTO NCOL REGION 1

[\] Done
Processing: \MODEL AUTO NTRAJ REGION 1

[\] Done
Processing: \MODEL SIMULATE

[\] Done
Processing: \MODEL SAVE SPECTRA "/home/umar/projects/Thesis/spectraVAE/sessa_generated/spectra/case_00112_full"

[\] Done
Processing: \MODEL SET NCOL 0 REGION 1

[\] Done
Processing: \MODEL AUTO NTRAJ REGION 1

[\] Done
Processing: \MODEL SIMULATE

[\] Done
Processing: \MODEL SAVE SPECTRA "/home/umar/projects/Thesis/spectraVAE/sessa_generated/spectra/case_00112_zero"

[\] Done
Processing: \PROJECT RESET

[\] Done
Processing: \SOURCE SET ALKA

[\] Done
Processing: \PREFERENCES SET ENERGY_SCALE KINETIC

[\] Done
Processing: \PREFERENCES SET DENSITY_SCALE MASS

[\] Done
Processing: \PREFERENCES SET NDIIMFP 1

[\] Done
Processing: \SPECTROMETER SET RANGE 1186.6:1206.6 REGION 1

[\] Done
Processing: \SAMPLE SET MATERIAL /C[CC_CH]0.243030060/C[C_O]0.145422342/C[C_eq_O]0.429242638/C[O_C_eq_O]0.061508427/C[pi_pi_star]0.120796532/O0.727681835/ LAYER 1

[\] Done
Processing: \SAMPLE SET DENSITY 1.44675958 LAYER 1

[\] Done
Processing: \SAMPLE SET EGAP 0.00000000 LAYER 1

[\] Done
Processing: \SAMPLE PEAK SET TYPE GAUSS PEAK 1 SUBPEAK 1

[\] Done
Processing: \SAMPLE PEAK SET POSITION 1203.01651714 PEAK 1 SUBPEAK 1

[\] Done
Processing: \SAMPLE PEAK SET WIDTH 0.64665927 PEAK 1 SUBPEAK 1

[\] Done
Processing: \SAMPLE PEAK SET HEIGHT 1.0 PEAK 1 SUBPEAK 1

[\] Done
Processing: \SAMPLE PEAK SET TYPE GAUSS PEAK 2 SUBPEAK 1

[\] Done
Processing: \SAMPLE PEAK SET POSITION 1201.69863541 PEAK 2 SUBPEAK 1

[\] Done
Processing: \SAMPLE PEAK SET WIDTH 0.78012047 PEAK 2 SUBPEAK 1

[\] Done
Processing: \SAMPLE PEAK SET HEIGHT 1.0 PEAK 2 SUBPEAK 1

[\] Done
Processing: \SAMPLE PEAK SET TYPE GAUSS PEAK 3 SUBPEAK 1

[\] Done
Processing: \SAMPLE PEAK SET POSITION 1199.73430537 PEAK 3 SUBPEAK 1

[\] Done
Processing: \SAMPLE PEAK SET WIDTH 0.63710725 PEAK 3 SUBPEAK 1

[\] Done
Processing: \SAMPLE PEAK SET HEIGHT 1.0 PEAK 3 SUBPEAK 1

[\] Done
Processing: \SAMPLE PEAK SET TYPE GAUSS PEAK 4 SUBPEAK 1

[\] Done
Processing: \SAMPLE PEAK SET POSITION 1198.66706764 PEAK 4 SUBPEAK 1

[\] Done
Processing: \SAMPLE PEAK SET WIDTH 0.78861658 PEAK 4 SUBPEAK 1

[\] Done
Processing: \SAMPLE PEAK SET HEIGHT 1.0 PEAK 4 SUBPEAK 1

[\] Done
Processing: \SAMPLE PEAK SET TYPE GAUSS PEAK 5 SUBPEAK 1

[\] Done
Processing: \SAMPLE PEAK SET POSITION 1197.05107351 PEAK 5 SUBPEAK 1

[\] Done
Processing: \SAMPLE PEAK SET WIDTH 0.71258062 PEAK 5 SUBPEAK 1

[\] Done
Processing: \SAMPLE PEAK SET HEIGHT 1.0 PEAK 5 SUBPEAK 1

[\] Done
Processing: \MODEL SET SLA false

[\] Done
Processing: \MODEL SET TA false

[\] Done
Processing: \MODEL SET SE true

[\] Done
Processing: \MODEL SET QEAPLUS true

[\] Done
Processing: \MODEL SET CONVERGENCE 1.0e-2

[\] Done
Processing: \MODEL AUTO NCOL REGION 1

[\] Done
Processing: \MODEL AUTO NTRAJ REGION 1

[\] Done
Processing: \MODEL SIMULATE

[\] Done
Processing: \MODEL SAVE SPECTRA "/home/umar/projects/Thesis/spectraVAE/sessa_generated/spectra/case_00120_full"

[\] Done
Processing: \MODEL SET NCOL 0 REGION 1

[\] Done
Processing: \MODEL AUTO NTRAJ REGION 1

[\] Done
Processing: \MODEL SIMULATE

[\] Done
Processing: \MODEL SAVE SPECTRA "/home/umar/projects/Thesis/spectraVAE/sessa_generated/spectra/case_00120_zero"

[\] Done
Processing: \PROJECT RESET

[\] Done
Processing: \SOURCE SET ALKA

[\] Done
Processing: \PREFERENCES SET ENERGY_SCALE KINETIC

[\] Done
Processing: \PREFERENCES SET DENSITY_SCALE MASS

[\] Done
Processing: \PREFERENCES SET NDIIMFP 1

[\] Done
Processing: \SPECTROMETER SET RANGE 1186.6:1206.6 REGION 1

[\] Done
Processing: \SAMPLE SET MATERIAL /C[CC_CH]0.572184520/C[C_O]0.308527955/C[C_eq_O]0.001885323/C[O_C_eq_O]0.117401202/C[pi_pi_star]0.000001000/O0.575216228/ LAYER 1

[\] Done
Processing: \SAMPLE SET DENSITY 1.21103395 LAYER 1

[\] Done
Processing: \SAMPLE SET EGAP 4.25844608 LAYER 1

[\] Done
Processing: \SAMPLE PEAK SET TYPE GAUSS PEAK 1 SUBPEAK 1

[\] Done
Processing: \SAMPLE PEAK SET POSITION 1199.80441335 PEAK 1 SUBPEAK 1

[\] Done
Processing: \SAMPLE PEAK SET WIDTH 0.65666938 PEAK 1 SUBPEAK 1

[\] Done
Processing: \SAMPLE PEAK SET HEIGHT 1.0 PEAK 1 SUBPEAK 1

[\] Done
Processing: \SAMPLE PEAK SET TYPE GAUSS PEAK 2 SUBPEAK 1

[\] Done
Processing: \SAMPLE PEAK SET POSITION 1198.15347785 PEAK 2 SUBPEAK 1

[\] Done
Processing: \SAMPLE PEAK SET WIDTH 0.48948275 PEAK 2 SUBPEAK 1

[\] Done
Processing: \SAMPLE PEAK SET HEIGHT 1.0 PEAK 2 SUBPEAK 1

[\] Done
Processing: \SAMPLE PEAK SET TYPE GAUSS PEAK 3 SUBPEAK 1

[\] Done
Processing: \SAMPLE PEAK SET POSITION 1196.90886508 PEAK 3 SUBPEAK 1

[\] Done
Processing: \SAMPLE PEAK SET WIDTH 0.63120907 PEAK 3 SUBPEAK 1

[\] Done
Processing: \SAMPLE PEAK SET HEIGHT 1.0 PEAK 3 SUBPEAK 1

[\] Done
Processing: \SAMPLE PEAK SET TYPE GAUSS PEAK 4 SUBPEAK 1

[\] Done
Processing: \SAMPLE PEAK SET POSITION 1195.25769664 PEAK 4 SUBPEAK 1

[\] Done
Processing: \SAMPLE PEAK SET WIDTH 0.65088983 PEAK 4 SUBPEAK 1

[\] Done
Processing: \SAMPLE PEAK SET HEIGHT 1.0 PEAK 4 SUBPEAK 1

[\] Done
Processing: \SAMPLE PEAK SET TYPE GAUSS PEAK 5 SUBPEAK 1

[\] Done
Processing: \SAMPLE PEAK SET POSITION 1193.73609369 PEAK 5 SUBPEAK 1

[\] Done
Processing: \SAMPLE PEAK SET WIDTH 0.57223694 PEAK 5 SUBPEAK 1

[\] Done
Processing: \SAMPLE PEAK SET HEIGHT 1.0 PEAK 5 SUBPEAK 1

[\] Done
Processing: \MODEL SET SLA false

[\] Done
Processing: \MODEL SET TA false

[\] Done
Processing: \MODEL SET SE true

[\] Done
Processing: \MODEL SET QEAPLUS true

[\] Done
Processing: \MODEL SET CONVERGENCE 1.0e-2

[\] Done
Processing: \MODEL AUTO NCOL REGION 1

[\] Done
Processing: \MODEL AUTO NTRAJ REGION 1

[\] Done
Processing: \MODEL SIMULATE

[\] Done
Processing: \MODEL SAVE SPECTRA "/home/umar/projects/Thesis/spectraVAE/sessa_generated/spectra/case_00128_full"

[\] Done
Processing: \MODEL SET NCOL 0 REGION 1

[\] Done
Processing: \MODEL AUTO NTRAJ REGION 1

[\] Done
Processing: \MODEL SIMULATE

[\] Done
Processing: \MODEL SAVE SPECTRA "/home/umar/projects/Thesis/spectraVAE/sessa_generated/spectra/case_00128_zero"

[\] Done
Processing: \PROJECT RESET

[\] Done
Processing: \SOURCE SET ALKA

[\] Done
Processing: \PREFERENCES SET ENERGY_SCALE KINETIC

[\] Done
Processing: \PREFERENCES SET DENSITY_SCALE MASS

[\] Done
Processing: \PREFERENCES SET NDIIMFP 1

[\] Done
Processing: \SPECTROMETER SET RANGE 1186.6:1206.6 REGION 1

[\] Done
Processing: \SAMPLE SET MATERIAL /C[CC_CH]0.381559625/C[C_O]0.042668268/C[C_eq_O]0.575770106/C[O_C_eq_O]0.000001000/C[pi_pi_star]0.000001000/O0.648439612/ LAYER 1

[\] Done
Processing: \SAMPLE SET DENSITY 1.14162015 LAYER 1

[\] Done
Processing: \SAMPLE SET EGAP 6.91199703 LAYER 1

[\] Done
Processing: \SAMPLE PEAK SET TYPE GAUSS PEAK 1 SUBPEAK 1

[\] Done
Processing: \SAMPLE PEAK SET POSITION 1202.12519889 PEAK 1 SUBPEAK 1

[\] Done
Processing: \SAMPLE PEAK SET WIDTH 0.50014055 PEAK 1 SUBPEAK 1

[\] Done
Processing: \SAMPLE PEAK SET HEIGHT 1.0 PEAK 1 SUBPEAK 1

[\] Done
Processing: \SAMPLE PEAK SET TYPE GAUSS PEAK 2 SUBPEAK 1

[\] Done
Processing: \SAMPLE PEAK SET POSITION 1200.48749711 PEAK 2 SUBPEAK 1

[\] Done
Processing: \SAMPLE PEAK SET WIDTH 0.53314597 PEAK 2 SUBPEAK 1

[\] Done
Processing: \SAMPLE PEAK SET HEIGHT 1.0 PEAK 2 SUBPEAK 1

[\] Done
Processing: \SAMPLE PEAK SET TYPE GAUSS PEAK 3 SUBPEAK 1

[\] Done
Processing: \SAMPLE PEAK SET POSITION 1199.10121889 PEAK 3 SUBPEAK 1

[\] Done
Processing: \SAMPLE PEAK SET WIDTH 0.44256598 PEAK 3 SUBPEAK 1

[\] Done
Processing: \SAMPLE PEAK SET HEIGHT 1.0 PEAK 3 SUBPEAK 1

[\] Done
Processing: \SAMPLE PEAK SET TYPE GAUSS PEAK 4 SUBPEAK 1

[\] Done
Processing: \SAMPLE PEAK SET POSITION 1197.96530887 PEAK 4 SUBPEAK 1

[\] Done
Processing: \SAMPLE PEAK SET WIDTH 0.46562106 PEAK 4 SUBPEAK 1

[\] Done
Processing: \SAMPLE PEAK SET HEIGHT 1.0 PEAK 4 SUBPEAK 1

[\] Done
Processing: \SAMPLE PEAK SET TYPE GAUSS PEAK 5 SUBPEAK 1

[\] Done
Processing: \SAMPLE PEAK SET POSITION 1195.95224996 PEAK 5 SUBPEAK 1

[\] Done
Processing: \SAMPLE PEAK SET WIDTH 0.41733177 PEAK 5 SUBPEAK 1

[\] Done
Processing: \SAMPLE PEAK SET HEIGHT 1.0 PEAK 5 SUBPEAK 1

[\] Done
Processing: \MODEL SET SLA false

[\] Done
Processing: \MODEL SET TA false

[\] Done
Processing: \MODEL SET SE true

[\] Done
Processing: \MODEL SET QEAPLUS true

[\] Done
Processing: \MODEL SET CONVERGENCE 1.0e-2

[\] Done
Processing: \MODEL AUTO NCOL REGION 1

[\] Done
Processing: \MODEL AUTO NTRAJ REGION 1

[\] Done
Processing: \MODEL SIMULATE

[\] Done
Processing: \MODEL SAVE SPECTRA "/home/umar/projects/Thesis/spectraVAE/sessa_generated/spectra/case_00136_full"

[\] Done
Processing: \MODEL SET NCOL 0 REGION 1

[\] Done
Processing: \MODEL AUTO NTRAJ REGION 1

[\] Done
Processing: \MODEL SIMULATE

[\] Done
Processing: \MODEL SAVE SPECTRA "/home/umar/projects/Thesis/spectraVAE/sessa_generated/spectra/case_00136_zero"

[\] Done
Processing: \PROJECT RESET

[\] Done
Processing: \SOURCE SET ALKA

[\] Done
Processing: \PREFERENCES SET ENERGY_SCALE KINETIC

[\] Done
Processing: \PREFERENCES SET DENSITY_SCALE MASS

[\] Done
Processing: \PREFERENCES SET NDIIMFP 1

[\] Done
Processing: \SPECTROMETER SET RANGE 1186.6:1206.6 REGION 1

[\] Done
Processing: \SAMPLE SET MATERIAL /C[CC_CH]0.444886982/C[C_O]0.310196605/C[C_eq_O]0.123946992/C[O_C_eq_O]0.120968421/C[pi_pi_star]0.000001000/O0.706081114/ LAYER 1

[\] Done
Processing: \SAMPLE SET DENSITY 1.25495715 LAYER 1

[\] Done
Processing: \SAMPLE SET EGAP 6.66009858 LAYER 1

[\] Done
Processing: \SAMPLE PEAK SET TYPE GAUSS PEAK 1 SUBPEAK 1

[\] Done
Processing: \SAMPLE PEAK SET POSITION 1199.59207157 PEAK 1 SUBPEAK 1

[\] Done
Processing: \SAMPLE PEAK SET WIDTH 0.72328509 PEAK 1 SUBPEAK 1

[\] Done
Processing: \SAMPLE PEAK SET HEIGHT 1.0 PEAK 1 SUBPEAK 1

[\] Done
Processing: \SAMPLE PEAK SET TYPE GAUSS PEAK 2 SUBPEAK 1

[\] Done
Processing: \SAMPLE PEAK SET POSITION 1198.43135362 PEAK 2 SUBPEAK 1

[\] Done
Processing: \SAMPLE PEAK SET WIDTH 0.78199385 PEAK 2 SUBPEAK 1

[\] Done
Processing: \SAMPLE PEAK SET HEIGHT 1.0 PEAK 2 SUBPEAK 1

[\] Done
Processing: \SAMPLE PEAK SET TYPE GAUSS PEAK 3 SUBPEAK 1

[\] Done
Processing: \SAMPLE PEAK SET POSITION 1197.09522797 PEAK 3 SUBPEAK 1

[\] Done
Processing: \SAMPLE PEAK SET WIDTH 0.71091720 PEAK 3 SUBPEAK 1

[\] Done
Processing: \SAMPLE PEAK SET HEIGHT 1.0 PEAK 3 SUBPEAK 1

[\] Done
Processing: \SAMPLE PEAK SET TYPE GAUSS PEAK 4 SUBPEAK 1

[\] Done
Processing: \SAMPLE PEAK SET POSITION 1195.33369369 PEAK 4 SUBPEAK 1

[\] Done
Processing: \SAMPLE PEAK SET WIDTH 0.63798208 PEAK 4 SUBPEAK 1

[\] Done
Processing: \SAMPLE PEAK SET HEIGHT 1.0 PEAK 4 SUBPEAK 1

[\] Done
Processing: \SAMPLE PEAK SET TYPE GAUSS PEAK 5 SUBPEAK 1

[\] Done
Processing: \SAMPLE PEAK SET POSITION 1193.42934094 PEAK 5 SUBPEAK 1

[\] Done
Processing: \SAMPLE PEAK SET WIDTH 0.59573871 PEAK 5 SUBPEAK 1

[\] Done
Processing: \SAMPLE PEAK SET HEIGHT 1.0 PEAK 5 SUBPEAK 1

[\] Done
Processing: \MODEL SET SLA false

[\] Done
Processing: \MODEL SET TA false

[\] Done
Processing: \MODEL SET SE true

[\] Done
Processing: \MODEL SET QEAPLUS true

[\] Done
Processing: \MODEL SET CONVERGENCE 1.0e-2

[\] Done
Processing: \MODEL AUTO NCOL REGION 1

[\] Done
Processing: \MODEL AUTO NTRAJ REGION 1

[\] Done
Processing: \MODEL SIMULATE

[\] Done
Processing: \MODEL SAVE SPECTRA "/home/umar/projects/Thesis/spectraVAE/sessa_generated/spectra/case_00144_full"

[\] Done
Processing: \MODEL SET NCOL 0 REGION 1

[\] Done
Processing: \MODEL AUTO NTRAJ REGION 1

[\] Done
Processing: \MODEL SIMULATE

[\] Done
Processing: \MODEL SAVE SPECTRA "/home/umar/projects/Thesis/spectraVAE/sessa_generated/spectra/case_00144_zero"

[\] Done
Processing: \PROJECT RESET

[\] Done
Processing: \SOURCE SET ALKA

[\] Done
Processing: \PREFERENCES SET ENERGY_SCALE KINETIC

[\] Done
Processing: \PREFERENCES SET DENSITY_SCALE MASS

[\] Done
Processing: \PREFERENCES SET NDIIMFP 1

[\] Done
Processing: \SPECTROMETER SET RANGE 1186.6:1206.6 REGION 1

[\] Done
Processing: \SAMPLE SET MATERIAL /C[CC_CH]0.756933025/C[C_O]0.046656705/C[C_eq_O]0.196408270/C[O_C_eq_O]0.000001000/C[pi_pi_star]0.000001000/O0.273065461/ LAYER 1

[\] Done
Processing: \SAMPLE SET DENSITY 1.66602035 LAYER 1

[\] Done
Processing: \SAMPLE SET EGAP 4.94724964 LAYER 1

[\] Done
Processing: \SAMPLE PEAK SET TYPE GAUSS PEAK 1 SUBPEAK 1

[\] Done
Processing: \SAMPLE PEAK SET POSITION 1202.06114580 PEAK 1 SUBPEAK 1

[\] Done
Processing: \SAMPLE PEAK SET WIDTH 0.59329053 PEAK 1 SUBPEAK 1

[\] Done
Processing: \SAMPLE PEAK SET HEIGHT 1.0 PEAK 1 SUBPEAK 1

[\] Done
Processing: \SAMPLE PEAK SET TYPE GAUSS PEAK 2 SUBPEAK 1

[\] Done
Processing: \SAMPLE PEAK SET POSITION 1200.59263182 PEAK 2 SUBPEAK 1

[\] Done
Processing: \SAMPLE PEAK SET WIDTH 0.52934131 PEAK 2 SUBPEAK 1

[\] Done
Processing: \SAMPLE PEAK SET HEIGHT 1.0 PEAK 2 SUBPEAK 1

[\] Done
Processing: \SAMPLE PEAK SET TYPE GAUSS PEAK 3 SUBPEAK 1

[\] Done
Processing: \SAMPLE PEAK SET POSITION 1198.86928045 PEAK 3 SUBPEAK 1

[\] Done
Processing: \SAMPLE PEAK SET WIDTH 0.64039156 PEAK 3 SUBPEAK 1

[\] Done
Processing: \SAMPLE PEAK SET HEIGHT 1.0 PEAK 3 SUBPEAK 1

[\] Done
Processing: \SAMPLE PEAK SET TYPE GAUSS PEAK 4 SUBPEAK 1

[\] Done
Processing: \SAMPLE PEAK SET POSITION 1197.53699452 PEAK 4 SUBPEAK 1

[\] Done
Processing: \SAMPLE PEAK SET WIDTH 0.54030173 PEAK 4 SUBPEAK 1

[\] Done
Processing: \SAMPLE PEAK SET HEIGHT 1.0 PEAK 4 SUBPEAK 1

[\] Done
Processing: \SAMPLE PEAK SET TYPE GAUSS PEAK 5 SUBPEAK 1

[\] Done
Processing: \SAMPLE PEAK SET POSITION 1195.19352961 PEAK 5 SUBPEAK 1

[\] Done
Processing: \SAMPLE PEAK SET WIDTH 0.56072286 PEAK 5 SUBPEAK 1

[\] Done
Processing: \SAMPLE PEAK SET HEIGHT 1.0 PEAK 5 SUBPEAK 1

[\] Done
Processing: \MODEL SET SLA false

[\] Done
Processing: \MODEL SET TA false

[\] Done
Processing: \MODEL SET SE true

[\] Done
Processing: \MODEL SET QEAPLUS true

[\] Done
Processing: \MODEL SET CONVERGENCE 1.0e-2

[\] Done
Processing: \MODEL AUTO NCOL REGION 1

[\] Done
Processing: \MODEL AUTO NTRAJ REGION 1

[\] Done
Processing: \MODEL SIMULATE

[\] Done
Processing: \MODEL SAVE SPECTRA "/home/umar/projects/Thesis/spectraVAE/sessa_generated/spectra/case_00152_full"

[\] Done
Processing: \MODEL SET NCOL 0 REGION 1

[\] Done
Processing: \MODEL AUTO NTRAJ REGION 1

[\] Done
Processing: \MODEL SIMULATE

[\] Done
Processing: \MODEL SAVE SPECTRA "/home/umar/projects/Thesis/spectraVAE/sessa_generated/spectra/case_00152_zero"

[\] Done
Processing: \PROJECT RESET

[\] Done
Processing: \SOURCE SET ALKA

[\] Done
Processing: \PREFERENCES SET ENERGY_SCALE KINETIC

[\] Done
Processing: \PREFERENCES SET DENSITY_SCALE MASS

[\] Done
Processing: \PREFERENCES SET NDIIMFP 1

[\] Done
Processing: \SPECTROMETER SET RANGE 1186.6:1206.6 REGION 1

[\] Done
Processing: \SAMPLE SET MATERIAL /C[CC_CH]0.324590549/C[C_O]0.360554610/C[C_eq_O]0.026703415/C[O_C_eq_O]0.088789994/C[pi_pi_star]0.199361431/O0.594838014/ LAYER 1

[\] Done
Processing: \SAMPLE SET DENSITY 1.61873536 LAYER 1

[\] Done
Processing: \SAMPLE SET EGAP 0.00000000 LAYER 1

[\] Done
Processing: \SAMPLE PEAK SET TYPE GAUSS PEAK 1 SUBPEAK 1

[\] Done
Processing: \SAMPLE PEAK SET POSITION 1202.66116779 PEAK 1 SUBPEAK 1

[\] Done
Processing: \SAMPLE PEAK SET WIDTH 0.51506535 PEAK 1 SUBPEAK 1

[\] Done
Processing: \SAMPLE PEAK SET HEIGHT 1.0 PEAK 1 SUBPEAK 1

[\] Done
Processing: \SAMPLE PEAK SET TYPE GAUSS PEAK 2 SUBPEAK 1

[\] Done
Processing: \SAMPLE PEAK SET POSITION 1201.06884441 PEAK 2 SUBPEAK 1

[\] Done
Processing: \SAMPLE PEAK SET WIDTH 0.53000658 PEAK 2 SUBPEAK 1

[\] Done
Processing: \SAMPLE PEAK SET HEIGHT 1.0 PEAK 2 SUBPEAK 1

[\] Done
Processing: \SAMPLE PEAK SET TYPE GAUSS PEAK 3 SUBPEAK 1

[\] Done
Processing: \SAMPLE PEAK SET POSITION 1199.50619722 PEAK 3 SUBPEAK 1

[\] Done
Processing: \SAMPLE PEAK SET WIDTH 0.49628445 PEAK 3 SUBPEAK 1

[\] Done
Processing: \SAMPLE PEAK SET HEIGHT 1.0 PEAK 3 SUBPEAK 1

[\] Done
Processing: \SAMPLE PEAK SET TYPE GAUSS PEAK 4 SUBPEAK 1

[\] Done
Processing: \SAMPLE PEAK SET POSITION 1198.39110834 PEAK 4 SUBPEAK 1

[\] Done
Processing: \SAMPLE PEAK SET WIDTH 0.56847128 PEAK 4 SUBPEAK 1

[\] Done
Processing: \SAMPLE PEAK SET HEIGHT 1.0 PEAK 4 SUBPEAK 1

[\] Done
Processing: \SAMPLE PEAK SET TYPE GAUSS PEAK 5 SUBPEAK 1

[\] Done
Processing: \SAMPLE PEAK SET POSITION 1196.11771156 PEAK 5 SUBPEAK 1

[\] Done
Processing: \SAMPLE PEAK SET WIDTH 0.48671030 PEAK 5 SUBPEAK 1

[\] Done
Processing: \SAMPLE PEAK SET HEIGHT 1.0 PEAK 5 SUBPEAK 1

[\] Done
Processing: \MODEL SET SLA false

[\] Done
Processing: \MODEL SET TA false

[\] Done
Processing: \MODEL SET SE true

[\] Done
Processing: \MODEL SET QEAPLUS true

[\] Done
Processing: \MODEL SET CONVERGENCE 1.0e-2

[\] Done
Processing: \MODEL AUTO NCOL REGION 1

[\] Done
Processing: \MODEL AUTO NTRAJ REGION 1

[\] Done
Processing: \MODEL SIMULATE

[\] Done
Processing: \MODEL SAVE SPECTRA "/home/umar/projects/Thesis/spectraVAE/sessa_generated/spectra/case_00160_full"

[\] Done
Processing: \MODEL SET NCOL 0 REGION 1

[\] Done
Processing: \MODEL AUTO NTRAJ REGION 1

[\] Done
Processing: \MODEL SIMULATE

[\] Done
Processing: \MODEL SAVE SPECTRA "/home/umar/projects/Thesis/spectraVAE/sessa_generated/spectra/case_00160_zero"

[\] Done
Processing: \PROJECT RESET

[\] Done
Processing: \SOURCE SET ALKA

[\] Done
Processing: \PREFERENCES SET ENERGY_SCALE KINETIC

[\] Done
Processing: \PREFERENCES SET DENSITY_SCALE MASS

[\] Done
Processing: \PREFERENCES SET NDIIMFP 1

[\] Done
Processing: \SPECTROMETER SET RANGE 1186.6:1206.6 REGION 1

[\] Done
Processing: \SAMPLE SET MATERIAL /C[CC_CH]0.843060468/C[C_O]0.138745975/C[C_eq_O]0.000001000/C[O_C_eq_O]0.018191557/C[pi_pi_star]0.000001000/O0.205129439/ LAYER 1

[\] Done
Processing: \SAMPLE SET DENSITY 1.36704492 LAYER 1

[\] Done
Processing: \SAMPLE SET EGAP 5.21023042 LAYER 1

[\] Done
Processing: \SAMPLE PEAK SET TYPE GAUSS PEAK 1 SUBPEAK 1

[\] Done
Processing: \SAMPLE PEAK SET POSITION 1200.90101578 PEAK 1 SUBPEAK 1

[\] Done
Processing: \SAMPLE PEAK SET WIDTH 0.53991446 PEAK 1 SUBPEAK 1

[\] Done
Processing: \SAMPLE PEAK SET HEIGHT 1.0 PEAK 1 SUBPEAK 1

[\] Done
Processing: \SAMPLE PEAK SET TYPE GAUSS PEAK 2 SUBPEAK 1

[\] Done
Processing: \SAMPLE PEAK SET POSITION 1199.51223635 PEAK 2 SUBPEAK 1

[\] Done
Processing: \SAMPLE PEAK SET WIDTH 0.53079684 PEAK 2 SUBPEAK 1

[\] Done
Processing: \SAMPLE PEAK SET HEIGHT 1.0 PEAK 2 SUBPEAK 1

[\] Done
Processing: \SAMPLE PEAK SET TYPE GAUSS PEAK 3 SUBPEAK 1

[\] Done
Processing: \SAMPLE PEAK SET POSITION 1198.05535764 PEAK 3 SUBPEAK 1

[\] Done
Processing: \SAMPLE PEAK SET WIDTH 0.50735134 PEAK 3 SUBPEAK 1

[\] Done
Processing: \SAMPLE PEAK SET HEIGHT 1.0 PEAK 3 SUBPEAK 1

[\] Done
Processing: \SAMPLE PEAK SET TYPE GAUSS PEAK 4 SUBPEAK 1

[\] Done
Processing: \SAMPLE PEAK SET POSITION 1196.69563794 PEAK 4 SUBPEAK 1

[\] Done
Processing: \SAMPLE PEAK SET WIDTH 0.59572333 PEAK 4 SUBPEAK 1

[\] Done
Processing: \SAMPLE PEAK SET HEIGHT 1.0 PEAK 4 SUBPEAK 1

[\] Done
Processing: \SAMPLE PEAK SET TYPE GAUSS PEAK 5 SUBPEAK 1

[\] Done
Processing: \SAMPLE PEAK SET POSITION 1194.28095514 PEAK 5 SUBPEAK 1

[\] Done
Processing: \SAMPLE PEAK SET WIDTH 0.52012985 PEAK 5 SUBPEAK 1

[\] Done
Processing: \SAMPLE PEAK SET HEIGHT 1.0 PEAK 5 SUBPEAK 1

[\] Done
Processing: \MODEL SET SLA false

[\] Done
Processing: \MODEL SET TA false

[\] Done
Processing: \MODEL SET SE true

[\] Done
Processing: \MODEL SET QEAPLUS true

[\] Done
Processing: \MODEL SET CONVERGENCE 1.0e-2

[\] Done
Processing: \MODEL AUTO NCOL REGION 1

[\] Done
Processing: \MODEL AUTO NTRAJ REGION 1

[\] Done
Processing: \MODEL SIMULATE

[\] Done
Processing: \MODEL SAVE SPECTRA "/home/umar/projects/Thesis/spectraVAE/sessa_generated/spectra/case_00168_full"

[\] Done
Processing: \MODEL SET NCOL 0 REGION 1

[\] Done
Processing: \MODEL AUTO NTRAJ REGION 1

[\] Done
Processing: \MODEL SIMULATE

[\] Done
Processing: \MODEL SAVE SPECTRA "/home/umar/projects/Thesis/spectraVAE/sessa_generated/spectra/case_00168_zero"

[\] Done
Processing: \PROJECT RESET

[\] Done
Processing: \SOURCE SET ALKA

[\] Done
Processing: \PREFERENCES SET ENERGY_SCALE KINETIC

[\] Done
Processing: \PREFERENCES SET DENSITY_SCALE MASS

[\] Done
Processing: \PREFERENCES SET NDIIMFP 1

[\] Done
Processing: \SPECTROMETER SET RANGE 1186.6:1206.6 REGION 1

[\] Done
Processing: \SAMPLE SET MATERIAL /C[CC_CH]0.063512585/C[C_O]0.444345421/C[C_eq_O]0.230305960/C[O_C_eq_O]0.261835034/C[pi_pi_star]0.000001000/O1.200000000/ LAYER 1

[\] Done
Processing: \SAMPLE SET DENSITY 1.18926335 LAYER 1

[\] Done
Processing: \SAMPLE SET EGAP 3.24093950 LAYER 1

[\] Done
Processing: \SAMPLE PEAK SET TYPE GAUSS PEAK 1 SUBPEAK 1

[\] Done
Processing: \SAMPLE PEAK SET POSITION 1200.35510707 PEAK 1 SUBPEAK 1

[\] Done
Processing: \SAMPLE PEAK SET WIDTH 0.63492680 PEAK 1 SUBPEAK 1

[\] Done
Processing: \SAMPLE PEAK SET HEIGHT 1.0 PEAK 1 SUBPEAK 1

[\] Done
Processing: \SAMPLE PEAK SET TYPE GAUSS PEAK 2 SUBPEAK 1

[\] Done
Processing: \SAMPLE PEAK SET POSITION 1198.72348738 PEAK 2 SUBPEAK 1

[\] Done
Processing: \SAMPLE PEAK SET WIDTH 0.74701640 PEAK 2 SUBPEAK 1

[\] Done
Processing: \SAMPLE PEAK SET HEIGHT 1.0 PEAK 2 SUBPEAK 1

[\] Done
Processing: \SAMPLE PEAK SET TYPE GAUSS PEAK 3 SUBPEAK 1

[\] Done
Processing: \SAMPLE PEAK SET POSITION 1197.16101355 PEAK 3 SUBPEAK 1

[\] Done
Processing: \SAMPLE PEAK SET WIDTH 0.66418783 PEAK 3 SUBPEAK 1

[\] Done
Processing: \SAMPLE PEAK SET HEIGHT 1.0 PEAK 3 SUBPEAK 1

[\] Done
Processing: \SAMPLE PEAK SET TYPE GAUSS PEAK 4 SUBPEAK 1

[\] Done
Processing: \SAMPLE PEAK SET POSITION 1195.96028519 PEAK 4 SUBPEAK 1

[\] Done
Processing: \SAMPLE PEAK SET WIDTH 0.59302674 PEAK 4 SUBPEAK 1

[\] Done
Processing: \SAMPLE PEAK SET HEIGHT 1.0 PEAK 4 SUBPEAK 1

[\] Done
Processing: \SAMPLE PEAK SET TYPE GAUSS PEAK 5 SUBPEAK 1

[\] Done
Processing: \SAMPLE PEAK SET POSITION 1193.84791672 PEAK 5 SUBPEAK 1

[\] Done
Processing: \SAMPLE PEAK SET WIDTH 0.63133258 PEAK 5 SUBPEAK 1

[\] Done
Processing: \SAMPLE PEAK SET HEIGHT 1.0 PEAK 5 SUBPEAK 1

[\] Done
Processing: \MODEL SET SLA false

[\] Done
Processing: \MODEL SET TA false

[\] Done
Processing: \MODEL SET SE true

[\] Done
Processing: \MODEL SET QEAPLUS true

[\] Done
Processing: \MODEL SET CONVERGENCE 1.0e-2

[\] Done
Processing: \MODEL AUTO NCOL REGION 1

[\] Done
Processing: \MODEL AUTO NTRAJ REGION 1

[\] Done
Processing: \MODEL SIMULATE

[\] Done
Processing: \MODEL SAVE SPECTRA "/home/umar/projects/Thesis/spectraVAE/sessa_generated/spectra/case_00176_full"

[\] Done
Processing: \MODEL SET NCOL 0 REGION 1

[\] Done
Processing: \MODEL AUTO NTRAJ REGION 1

[\] Done
Processing: \MODEL SIMULATE

[\] Done
Processing: \MODEL SAVE SPECTRA "/home/umar/projects/Thesis/spectraVAE/sessa_generated/spectra/case_00176_zero"

[\] Done
Processing: \PROJECT RESET

[\] Done
Processing: \SOURCE SET ALKA

[\] Done
Processing: \PREFERENCES SET ENERGY_SCALE KINETIC

[\] Done
Processing: \PREFERENCES SET DENSITY_SCALE MASS

[\] Done
Processing: \PREFERENCES SET NDIIMFP 1

[\] Done
Processing: \SPECTROMETER SET RANGE 1186.6:1206.6 REGION 1

[\] Done
Processing: \SAMPLE SET MATERIAL /C[CC_CH]0.349822510/C[C_O]0.119354286/C[C_eq_O]0.126779261/C[O_C_eq_O]0.178811616/C[pi_pi_star]0.225232327/O0.633756779/ LAYER 1

[\] Done
Processing: \SAMPLE SET DENSITY 1.65069155 LAYER 1

[\] Done
Processing: \SAMPLE SET EGAP 0.00000000 LAYER 1

[\] Done
Processing: \SAMPLE PEAK SET TYPE GAUSS PEAK 1 SUBPEAK 1

[\] Done
Processing: \SAMPLE PEAK SET POSITION 1203.05235490 PEAK 1 SUBPEAK 1

[\] Done
Processing: \SAMPLE PEAK SET WIDTH 0.56058261 PEAK 1 SUBPEAK 1

[\] Done
Processing: \SAMPLE PEAK SET HEIGHT 1.0 PEAK 1 SUBPEAK 1

[\] Done
Processing: \SAMPLE PEAK SET TYPE GAUSS PEAK 2 SUBPEAK 1

[\] Done
Processing: \SAMPLE PEAK SET POSITION 1201.49577350 PEAK 2 SUBPEAK 1

[\] Done
Processing: \SAMPLE PEAK SET WIDTH 0.59930925 PEAK 2 SUBPEAK 1

[\] Done
Processing: \SAMPLE PEAK SET HEIGHT 1.0 PEAK 2 SUBPEAK 1

[\] Done
Processing: \SAMPLE PEAK SET TYPE GAUSS PEAK 3 SUBPEAK 1

[\] Done
Processing: \SAMPLE PEAK SET POSITION 1200.21888326 PEAK 3 SUBPEAK 1

[\] Done
Processing: \SAMPLE PEAK SET WIDTH 0.60546489 PEAK 3 SUBPEAK 1

[\] Done
Processing: \SAMPLE PEAK SET HEIGHT 1.0 PEAK 3 SUBPEAK 1

[\] Done
Processing: \SAMPLE PEAK SET TYPE GAUSS PEAK 4 SUBPEAK 1

[\] Done
Processing: \SAMPLE PEAK SET POSITION 1198.87863231 PEAK 4 SUBPEAK 1

[\] Done
Processing: \SAMPLE PEAK SET WIDTH 0.50648835 PEAK 4 SUBPEAK 1

[\] Done
Processing: \SAMPLE PEAK SET HEIGHT 1.0 PEAK 4 SUBPEAK 1

[\] Done
Processing: \SAMPLE PEAK SET TYPE GAUSS PEAK 5 SUBPEAK 1

[\] Done
Processing: \SAMPLE PEAK SET POSITION 1196.50542719 PEAK 5 SUBPEAK 1

[\] Done
Processing: \SAMPLE PEAK SET WIDTH 0.46018522 PEAK 5 SUBPEAK 1

[\] Done
Processing: \SAMPLE PEAK SET HEIGHT 1.0 PEAK 5 SUBPEAK 1

[\] Done
Processing: \MODEL SET SLA false

[\] Done
Processing: \MODEL SET TA false

[\] Done
Processing: \MODEL SET SE true

[\] Done
Processing: \MODEL SET QEAPLUS true

[\] Done
Processing: \MODEL SET CONVERGENCE 1.0e-2

[\] Done
Processing: \MODEL AUTO NCOL REGION 1

[\] Done
Processing: \MODEL AUTO NTRAJ REGION 1

[\] Done
Processing: \MODEL SIMULATE

[\] Done
Processing: \MODEL SAVE SPECTRA "/home/umar/projects/Thesis/spectraVAE/sessa_generated/spectra/case_00184_full"

[\] Done
Processing: \MODEL SET NCOL 0 REGION 1

[\] Done
Processing: \MODEL AUTO NTRAJ REGION 1

[\] Done
Processing: \MODEL SIMULATE

[\] Done
Processing: \MODEL SAVE SPECTRA "/home/umar/projects/Thesis/spectraVAE/sessa_generated/spectra/case_00184_zero"

[\] Done
Processing: \PROJECT RESET

[\] Done
Processing: \SOURCE SET ALKA

[\] Done
Processing: \PREFERENCES SET ENERGY_SCALE KINETIC

[\] Done
Processing: \PREFERENCES SET DENSITY_SCALE MASS

[\] Done
Processing: \PREFERENCES SET NDIIMFP 1

[\] Done
Processing: \SPECTROMETER SET RANGE 1186.6:1206.6 REGION 1

[\] Done
Processing: \SAMPLE SET MATERIAL /C[CC_CH]0.203133239/C[C_O]0.656629106/C[C_eq_O]0.111829780/C[O_C_eq_O]0.028406875/C[pi_pi_star]0.000001000/O0.855273461/ LAYER 1

[\] Done
Processing: \SAMPLE SET DENSITY 1.64751596 LAYER 1

[\] Done
Processing: \SAMPLE SET EGAP 2.19487837 LAYER 1

[\] Done
Processing: \SAMPLE PEAK SET TYPE GAUSS PEAK 1 SUBPEAK 1

[\] Done
Processing: \SAMPLE PEAK SET POSITION 1200.28208345 PEAK 1 SUBPEAK 1

[\] Done
Processing: \SAMPLE PEAK SET WIDTH 0.69972466 PEAK 1 SUBPEAK 1

[\] Done
Processing: \SAMPLE PEAK SET HEIGHT 1.0 PEAK 1 SUBPEAK 1

[\] Done
Processing: \SAMPLE PEAK SET TYPE GAUSS PEAK 2 SUBPEAK 1

[\] Done
Processing: \SAMPLE PEAK SET POSITION 1198.46705551 PEAK 2 SUBPEAK 1

[\] Done
Processing: \SAMPLE PEAK SET WIDTH 0.66326824 PEAK 2 SUBPEAK 1

[\] Done
Processing: \SAMPLE PEAK SET HEIGHT 1.0 PEAK 2 SUBPEAK 1

[\] Done
Processing: \SAMPLE PEAK SET TYPE GAUSS PEAK 3 SUBPEAK 1

[\] Done
Processing: \SAMPLE PEAK SET POSITION 1196.89985441 PEAK 3 SUBPEAK 1

[\] Done
Processing: \SAMPLE PEAK SET WIDTH 0.63478705 PEAK 3 SUBPEAK 1

[\] Done
Processing: \SAMPLE PEAK SET HEIGHT 1.0 PEAK 3 SUBPEAK 1

[\] Done
Processing: \SAMPLE PEAK SET TYPE GAUSS PEAK 4 SUBPEAK 1

[\] Done
Processing: \SAMPLE PEAK SET POSITION 1196.07466484 PEAK 4 SUBPEAK 1

[\] Done
Processing: \SAMPLE PEAK SET WIDTH 0.62801420 PEAK 4 SUBPEAK 1

[\] Done
Processing: \SAMPLE PEAK SET HEIGHT 1.0 PEAK 4 SUBPEAK 1

[\] Done
Processing: \SAMPLE PEAK SET TYPE GAUSS PEAK 5 SUBPEAK 1

[\] Done
Processing: \SAMPLE PEAK SET POSITION 1193.87330154 PEAK 5 SUBPEAK 1

[\] Done
Processing: \SAMPLE PEAK SET WIDTH 0.56663123 PEAK 5 SUBPEAK 1

[\] Done
Processing: \SAMPLE PEAK SET HEIGHT 1.0 PEAK 5 SUBPEAK 1

[\] Done
Processing: \MODEL SET SLA false

[\] Done
Processing: \MODEL SET TA false

[\] Done
Processing: \MODEL SET SE true

[\] Done
Processing: \MODEL SET QEAPLUS true

[\] Done
Processing: \MODEL SET CONVERGENCE 1.0e-2

[\] Done
Processing: \MODEL AUTO NCOL REGION 1

[\] Done
Processing: \MODEL AUTO NTRAJ REGION 1

[\] Done
Processing: \MODEL SIMULATE

[\] Done
Processing: \MODEL SAVE SPECTRA "/home/umar/projects/Thesis/spectraVAE/sessa_generated/spectra/case_00192_full"

[\] Done
Processing: \MODEL SET NCOL 0 REGION 1

[\] Done
Processing: \MODEL AUTO NTRAJ REGION 1

[\] Done
Processing: \MODEL SIMULATE

[\] Done
Processing: \MODEL SAVE SPECTRA "/home/umar/projects/Thesis/spectraVAE/sessa_generated/spectra/case_00192_zero"

[\] Done
Processing: \PROJECT RESET

[\] Done
Processing: \SOURCE SET ALKA

[\] Done
Processing: \PREFERENCES SET ENERGY_SCALE KINETIC

[\] Done
Processing: \PREFERENCES SET DENSITY_SCALE MASS

[\] Done
Processing: \PREFERENCES SET NDIIMFP 1

[\] Done
Processing: \SPECTROMETER SET RANGE 1186.6:1206.6 REGION 1

[\] Done
Processing: \SAMPLE SET MATERIAL /C[CC_CH]0.899607390/C[C_O]0.003553367/C[C_eq_O]0.051760537/C[O_C_eq_O]0.045077705/C[pi_pi_star]0.000001000/O0.175469461/ LAYER 1

[\] Done
Processing: \SAMPLE SET DENSITY 1.66408662 LAYER 1

[\] Done
Processing: \SAMPLE SET EGAP 4.97542342 LAYER 1

[\] Done
Processing: \SAMPLE PEAK SET TYPE GAUSS PEAK 1 SUBPEAK 1

[\] Done
Processing: \SAMPLE PEAK SET POSITION 1201.25421126 PEAK 1 SUBPEAK 1

[\] Done
Processing: \SAMPLE PEAK SET WIDTH 0.45435604 PEAK 1 SUBPEAK 1

[\] Done
Processing: \SAMPLE PEAK SET HEIGHT 1.0 PEAK 1 SUBPEAK 1

[\] Done
Processing: \SAMPLE PEAK SET TYPE GAUSS PEAK 2 SUBPEAK 1

[\] Done
Processing: \SAMPLE PEAK SET POSITION 1199.67470004 PEAK 2 SUBPEAK 1

[\] Done
Processing: \SAMPLE PEAK SET WIDTH 0.39016633 PEAK 2 SUBPEAK 1

[\] Done
Processing: \SAMPLE PEAK SET HEIGHT 1.0 PEAK 2 SUBPEAK 1

[\] Done
Processing: \SAMPLE PEAK SET TYPE GAUSS PEAK 3 SUBPEAK 1

[\] Done
Processing: \SAMPLE PEAK SET POSITION 1198.10689694 PEAK 3 SUBPEAK 1

[\] Done
Processing: \SAMPLE PEAK SET WIDTH 0.42810350 PEAK 3 SUBPEAK 1

[\] Done
Processing: \SAMPLE PEAK SET HEIGHT 1.0 PEAK 3 SUBPEAK 1

[\] Done
Processing: \SAMPLE PEAK SET TYPE GAUSS PEAK 4 SUBPEAK 1

[\] Done
Processing: \SAMPLE PEAK SET POSITION 1196.79781942 PEAK 4 SUBPEAK 1

[\] Done
Processing: \SAMPLE PEAK SET WIDTH 0.48232747 PEAK 4 SUBPEAK 1

[\] Done
Processing: \SAMPLE PEAK SET HEIGHT 1.0 PEAK 4 SUBPEAK 1

[\] Done
Processing: \SAMPLE PEAK SET TYPE GAUSS PEAK 5 SUBPEAK 1

[\] Done
Processing: \SAMPLE PEAK SET POSITION 1194.83330463 PEAK 5 SUBPEAK 1

[\] Done
Processing: \SAMPLE PEAK SET WIDTH 0.35369149 PEAK 5 SUBPEAK 1

[\] Done
Processing: \SAMPLE PEAK SET HEIGHT 1.0 PEAK 5 SUBPEAK 1

[\] Done
Processing: \MODEL SET SLA false

[\] Done
Processing: \MODEL SET TA false

[\] Done
Processing: \MODEL SET SE true

[\] Done
Processing: \MODEL SET QEAPLUS true

[\] Done
Processing: \MODEL SET CONVERGENCE 1.0e-2

[\] Done
Processing: \MODEL AUTO NCOL REGION 1

[\] Done
Processing: \MODEL AUTO NTRAJ REGION 1

[\] Done
Processing: \MODEL SIMULATE

[\] Done
Processing: \MODEL SAVE SPECTRA "/home/umar/projects/Thesis/spectraVAE/sessa_generated/spectra/case_00200_full"

[\] Done
Processing: \MODEL SET NCOL 0 REGION 1

[\] Done
Processing: \MODEL AUTO NTRAJ REGION 1

[\] Done
Processing: \MODEL SIMULATE

[\] Done
Processing: \MODEL SAVE SPECTRA "/home/umar/projects/Thesis/spectraVAE/sessa_generated/spectra/case_00200_zero"

[\] Done
Processing: \PROJECT RESET

[\] Done
Processing: \SOURCE SET ALKA

[\] Done
Processing: \PREFERENCES SET ENERGY_SCALE KINETIC

[\] Done
Processing: \PREFERENCES SET DENSITY_SCALE MASS

[\] Done
Processing: \PREFERENCES SET NDIIMFP 1

[\] Done
Processing: \SPECTROMETER SET RANGE 1186.6:1206.6 REGION 1

[\] Done
Processing: \SAMPLE SET MATERIAL /C[CC_CH]0.330004033/C[C_O]0.558846063/C[C_eq_O]0.061627903/C[O_C_eq_O]0.049521000/C[pi_pi_star]0.000001000/O0.749516687/ LAYER 1

[\] Done
Processing: \SAMPLE SET DENSITY 1.30424159 LAYER 1

[\] Done
Processing: \SAMPLE SET EGAP 3.23755777 LAYER 1

[\] Done
Processing: \SAMPLE PEAK SET TYPE GAUSS PEAK 1 SUBPEAK 1

[\] Done
Processing: \SAMPLE PEAK SET POSITION 1202.13776854 PEAK 1 SUBPEAK 1

[\] Done
Processing: \SAMPLE PEAK SET WIDTH 0.62530428 PEAK 1 SUBPEAK 1

[\] Done
Processing: \SAMPLE PEAK SET HEIGHT 1.0 PEAK 1 SUBPEAK 1

[\] Done
Processing: \SAMPLE PEAK SET TYPE GAUSS PEAK 2 SUBPEAK 1

[\] Done
Processing: \SAMPLE PEAK SET POSITION 1200.71867610 PEAK 2 SUBPEAK 1

[\] Done
Processing: \SAMPLE PEAK SET WIDTH 0.57314465 PEAK 2 SUBPEAK 1

[\] Done
Processing: \SAMPLE PEAK SET HEIGHT 1.0 PEAK 2 SUBPEAK 1

[\] Done
Processing: \SAMPLE PEAK SET TYPE GAUSS PEAK 3 SUBPEAK 1

[\] Done
Processing: \SAMPLE PEAK SET POSITION 1198.69949750 PEAK 3 SUBPEAK 1

[\] Done
Processing: \SAMPLE PEAK SET WIDTH 0.55439867 PEAK 3 SUBPEAK 1

[\] Done
Processing: \SAMPLE PEAK SET HEIGHT 1.0 PEAK 3 SUBPEAK 1

[\] Done
Processing: \SAMPLE PEAK SET TYPE GAUSS PEAK 4 SUBPEAK 1

[\] Done
Processing: \SAMPLE PEAK SET POSITION 1197.59301363 PEAK 4 SUBPEAK 1

[\] Done
Processing: \SAMPLE PEAK SET WIDTH 0.58492702 PEAK 4 SUBPEAK 1

[\] Done
Processing: \SAMPLE PEAK SET HEIGHT 1.0 PEAK 4 SUBPEAK 1

[\] Done
Processing: \SAMPLE PEAK SET TYPE GAUSS PEAK 5 SUBPEAK 1

[\] Done
Processing: \SAMPLE PEAK SET POSITION 1195.52820998 PEAK 5 SUBPEAK 1

[\] Done
Processing: \SAMPLE PEAK SET WIDTH 0.63843097 PEAK 5 SUBPEAK 1

[\] Done
Processing: \SAMPLE PEAK SET HEIGHT 1.0 PEAK 5 SUBPEAK 1

[\] Done
Processing: \MODEL SET SLA false

[\] Done
Processing: \MODEL SET TA false

[\] Done
Processing: \MODEL SET SE true

[\] Done
Processing: \MODEL SET QEAPLUS true

[\] Done
Processing: \MODEL SET CONVERGENCE 1.0e-2

[\] Done
Processing: \MODEL AUTO NCOL REGION 1

[\] Done
Processing: \MODEL AUTO NTRAJ REGION 1

[\] Done
Processing: \MODEL SIMULATE

[\] Done
Processing: \MODEL SAVE SPECTRA "/home/umar/projects/Thesis/spectraVAE/sessa_generated/spectra/case_00208_full"

[\] Done
Processing: \MODEL SET NCOL 0 REGION 1

[\] Done
Processing: \MODEL AUTO NTRAJ REGION 1

[\] Done
Processing: \MODEL SIMULATE

[\] Done
Processing: \MODEL SAVE SPECTRA "/home/umar/projects/Thesis/spectraVAE/sessa_generated/spectra/case_00208_zero"

[\] Done
Processing: \PROJECT RESET

[\] Done
Processing: \SOURCE SET ALKA

[\] Done
Processing: \PREFERENCES SET ENERGY_SCALE KINETIC

[\] Done
Processing: \PREFERENCES SET DENSITY_SCALE MASS

[\] Done
Processing: \PREFERENCES SET NDIIMFP 1

[\] Done
Processing: \SPECTROMETER SET RANGE 1186.6:1206.6 REGION 1

[\] Done
Processing: \SAMPLE SET MATERIAL /C[CC_CH]0.260175912/C[C_O]0.221383618/C[C_eq_O]0.257240409/C[O_C_eq_O]0.261199062/C[pi_pi_star]0.000001000/O1.031023151/ LAYER 1

[\] Done
Processing: \SAMPLE SET DENSITY 1.57941405 LAYER 1

[\] Done
Processing: \SAMPLE SET EGAP 4.00012962 LAYER 1

[\] Done
Processing: \SAMPLE PEAK SET TYPE GAUSS PEAK 1 SUBPEAK 1

[\] Done
Processing: \SAMPLE PEAK SET POSITION 1201.54352583 PEAK 1 SUBPEAK 1

[\] Done
Processing: \SAMPLE PEAK SET WIDTH 0.57736056 PEAK 1 SUBPEAK 1

[\] Done
Processing: \SAMPLE PEAK SET HEIGHT 1.0 PEAK 1 SUBPEAK 1

[\] Done
Processing: \SAMPLE PEAK SET TYPE GAUSS PEAK 2 SUBPEAK 1

[\] Done
Processing: \SAMPLE PEAK SET POSITION 1199.91276690 PEAK 2 SUBPEAK 1

[\] Done
Processing: \SAMPLE PEAK SET WIDTH 0.62513185 PEAK 2 SUBPEAK 1

[\] Done
Processing: \SAMPLE PEAK SET HEIGHT 1.0 PEAK 2 SUBPEAK 1

[\] Done
Processing: \SAMPLE PEAK SET TYPE GAUSS PEAK 3 SUBPEAK 1

[\] Done
Processing: \SAMPLE PEAK SET POSITION 1198.65685279 PEAK 3 SUBPEAK 1

[\] Done
Processing: \SAMPLE PEAK SET WIDTH 0.63283661 PEAK 3 SUBPEAK 1

[\] Done
Processing: \SAMPLE PEAK SET HEIGHT 1.0 PEAK 3 SUBPEAK 1

[\] Done
Processing: \SAMPLE PEAK SET TYPE GAUSS PEAK 4 SUBPEAK 1

[\] Done
Processing: \SAMPLE PEAK SET POSITION 1197.47596143 PEAK 4 SUBPEAK 1

[\] Done
Processing: \SAMPLE PEAK SET WIDTH 0.49510867 PEAK 4 SUBPEAK 1

[\] Done
Processing: \SAMPLE PEAK SET HEIGHT 1.0 PEAK 4 SUBPEAK 1

[\] Done
Processing: \SAMPLE PEAK SET TYPE GAUSS PEAK 5 SUBPEAK 1

[\] Done
Processing: \SAMPLE PEAK SET POSITION 1194.74564562 PEAK 5 SUBPEAK 1

[\] Done
Processing: \SAMPLE PEAK SET WIDTH 0.45479967 PEAK 5 SUBPEAK 1

[\] Done
Processing: \SAMPLE PEAK SET HEIGHT 1.0 PEAK 5 SUBPEAK 1

[\] Done
Processing: \MODEL SET SLA false

[\] Done
Processing: \MODEL SET TA false

[\] Done
Processing: \MODEL SET SE true

[\] Done
Processing: \MODEL SET QEAPLUS true

[\] Done
Processing: \MODEL SET CONVERGENCE 1.0e-2

[\] Done
Processing: \MODEL AUTO NCOL REGION 1

[\] Done
Processing: \MODEL AUTO NTRAJ REGION 1

[\] Done
Processing: \MODEL SIMULATE

[\] Done
Processing: \MODEL SAVE SPECTRA "/home/umar/projects/Thesis/spectraVAE/sessa_generated/spectra/case_00216_full"

[\] Done
Processing: \MODEL SET NCOL 0 REGION 1

[\] Done
Processing: \MODEL AUTO NTRAJ REGION 1

[\] Done
Processing: \MODEL SIMULATE

[\] Done
Processing: \MODEL SAVE SPECTRA "/home/umar/projects/Thesis/spectraVAE/sessa_generated/spectra/case_00216_zero"

[\] Done
Processing: \PROJECT RESET

[\] Done
Processing: \SOURCE SET ALKA

[\] Done
Processing: \PREFERENCES SET ENERGY_SCALE KINETIC

[\] Done
Processing: \PREFERENCES SET DENSITY_SCALE MASS

[\] Done
Processing: \PREFERENCES SET NDIIMFP 1

[\] Done
Processing: \SPECTROMETER SET RANGE 1186.6:1206.6 REGION 1

[\] Done
Processing: \SAMPLE SET MATERIAL /C[CC_CH]0.134041555/C[C_O]0.285953372/C[C_eq_O]0.011724952/C[O_C_eq_O]0.568279122/C[pi_pi_star]0.000001000/O1.200000000/ LAYER 1

[\] Done
Processing: \SAMPLE SET DENSITY 1.70373597 LAYER 1

[\] Done
Processing: \SAMPLE SET EGAP 3.36037681 LAYER 1

[\] Done
Processing: \SAMPLE PEAK SET TYPE GAUSS PEAK 1 SUBPEAK 1

[\] Done
Processing: \SAMPLE PEAK SET POSITION 1202.86778141 PEAK 1 SUBPEAK 1

[\] Done
Processing: \SAMPLE PEAK SET WIDTH 0.58955576 PEAK 1 SUBPEAK 1

[\] Done
Processing: \SAMPLE PEAK SET HEIGHT 1.0 PEAK 1 SUBPEAK 1

[\] Done
Processing: \SAMPLE PEAK SET TYPE GAUSS PEAK 2 SUBPEAK 1

[\] Done
Processing: \SAMPLE PEAK SET POSITION 1201.31952234 PEAK 2 SUBPEAK 1

[\] Done
Processing: \SAMPLE PEAK SET WIDTH 0.59130392 PEAK 2 SUBPEAK 1

[\] Done
Processing: \SAMPLE PEAK SET HEIGHT 1.0 PEAK 2 SUBPEAK 1

[\] Done
Processing: \SAMPLE PEAK SET TYPE GAUSS PEAK 3 SUBPEAK 1

[\] Done
Processing: \SAMPLE PEAK SET POSITION 1200.20655978 PEAK 3 SUBPEAK 1

[\] Done
Processing: \SAMPLE PEAK SET WIDTH 0.55250193 PEAK 3 SUBPEAK 1

[\] Done
Processing: \SAMPLE PEAK SET HEIGHT 1.0 PEAK 3 SUBPEAK 1

[\] Done
Processing: \SAMPLE PEAK SET TYPE GAUSS PEAK 4 SUBPEAK 1

[\] Done
Processing: \SAMPLE PEAK SET POSITION 1198.65152640 PEAK 4 SUBPEAK 1

[\] Done
Processing: \SAMPLE PEAK SET WIDTH 0.52615479 PEAK 4 SUBPEAK 1

[\] Done
Processing: \SAMPLE PEAK SET HEIGHT 1.0 PEAK 4 SUBPEAK 1

[\] Done
Processing: \SAMPLE PEAK SET TYPE GAUSS PEAK 5 SUBPEAK 1

[\] Done
Processing: \SAMPLE PEAK SET POSITION 1196.86692974 PEAK 5 SUBPEAK 1

[\] Done
Processing: \SAMPLE PEAK SET WIDTH 0.59267170 PEAK 5 SUBPEAK 1

[\] Done
Processing: \SAMPLE PEAK SET HEIGHT 1.0 PEAK 5 SUBPEAK 1

[\] Done
Processing: \MODEL SET SLA false

[\] Done
Processing: \MODEL SET TA false

[\] Done
Processing: \MODEL SET SE true

[\] Done
Processing: \MODEL SET QEAPLUS true

[\] Done
Processing: \MODEL SET CONVERGENCE 1.0e-2

[\] Done
Processing: \MODEL AUTO NCOL REGION 1

[\] Done
Processing: \MODEL AUTO NTRAJ REGION 1

[\] Done
Processing: \MODEL SIMULATE

[\] Done
Processing: \MODEL SAVE SPECTRA "/home/umar/projects/Thesis/spectraVAE/sessa_generated/spectra/case_00224_full"

[\] Done
Processing: \MODEL SET NCOL 0 REGION 1

[\] Done
Processing: \MODEL AUTO NTRAJ REGION 1

[\] Done
Processing: \MODEL SIMULATE

[\] Done
Processing: \MODEL SAVE SPECTRA "/home/umar/projects/Thesis/spectraVAE/sessa_generated/spectra/case_00224_zero"

[\] Done
Processing: \PROJECT RESET

[\] Done
Processing: \SOURCE SET ALKA

[\] Done
Processing: \PREFERENCES SET ENERGY_SCALE KINETIC

[\] Done
Processing: \PREFERENCES SET DENSITY_SCALE MASS

[\] Done
Processing: \PREFERENCES SET NDIIMFP 1

[\] Done
Processing: \SPECTROMETER SET RANGE 1186.6:1206.6 REGION 1

[\] Done
Processing: \SAMPLE SET MATERIAL /C[CC_CH]0.024394106/C[C_O]0.567418271/C[C_eq_O]0.383489976/C[O_C_eq_O]0.024696647/C[pi_pi_star]0.000001000/O1.030302541/ LAYER 1

[\] Done
Processing: \SAMPLE SET DENSITY 1.39431072 LAYER 1

[\] Done
Processing: \SAMPLE SET EGAP 6.26161282 LAYER 1

[\] Done
Processing: \SAMPLE PEAK SET TYPE GAUSS PEAK 1 SUBPEAK 1

[\] Done
Processing: \SAMPLE PEAK SET POSITION 1199.60896191 PEAK 1 SUBPEAK 1

[\] Done
Processing: \SAMPLE PEAK SET WIDTH 0.54850299 PEAK 1 SUBPEAK 1

[\] Done
Processing: \SAMPLE PEAK SET HEIGHT 1.0 PEAK 1 SUBPEAK 1

[\] Done
Processing: \SAMPLE PEAK SET TYPE GAUSS PEAK 2 SUBPEAK 1

[\] Done
Processing: \SAMPLE PEAK SET POSITION 1198.06389960 PEAK 2 SUBPEAK 1

[\] Done
Processing: \SAMPLE PEAK SET WIDTH 0.63149101 PEAK 2 SUBPEAK 1

[\] Done
Processing: \SAMPLE PEAK SET HEIGHT 1.0 PEAK 2 SUBPEAK 1

[\] Done
Processing: \SAMPLE PEAK SET TYPE GAUSS PEAK 3 SUBPEAK 1

[\] Done
Processing: \SAMPLE PEAK SET POSITION 1196.93444230 PEAK 3 SUBPEAK 1

[\] Done
Processing: \SAMPLE PEAK SET WIDTH 0.51456834 PEAK 3 SUBPEAK 1

[\] Done
Processing: \SAMPLE PEAK SET HEIGHT 1.0 PEAK 3 SUBPEAK 1

[\] Done
Processing: \SAMPLE PEAK SET TYPE GAUSS PEAK 4 SUBPEAK 1

[\] Done
Processing: \SAMPLE PEAK SET POSITION 1195.23986323 PEAK 4 SUBPEAK 1

[\] Done
Processing: \SAMPLE PEAK SET WIDTH 0.59685601 PEAK 4 SUBPEAK 1

[\] Done
Processing: \SAMPLE PEAK SET HEIGHT 1.0 PEAK 4 SUBPEAK 1

[\] Done
Processing: \SAMPLE PEAK SET TYPE GAUSS PEAK 5 SUBPEAK 1

[\] Done
Processing: \SAMPLE PEAK SET POSITION 1193.59953912 PEAK 5 SUBPEAK 1

[\] Done
Processing: \SAMPLE PEAK SET WIDTH 0.56462336 PEAK 5 SUBPEAK 1

[\] Done
Processing: \SAMPLE PEAK SET HEIGHT 1.0 PEAK 5 SUBPEAK 1

[\] Done
Processing: \MODEL SET SLA false

[\] Done
Processing: \MODEL SET TA false

[\] Done
Processing: \MODEL SET SE true

[\] Done
Processing: \MODEL SET QEAPLUS true

[\] Done
Processing: \MODEL SET CONVERGENCE 1.0e-2

[\] Done
Processing: \MODEL AUTO NCOL REGION 1

[\] Done
Processing: \MODEL AUTO NTRAJ REGION 1

[\] Done
Processing: \MODEL SIMULATE

[\] Done
Processing: \MODEL SAVE SPECTRA "/home/umar/projects/Thesis/spectraVAE/sessa_generated/spectra/case_00232_full"

[\] Done
Processing: \MODEL SET NCOL 0 REGION 1

[\] Done
Processing: \MODEL AUTO NTRAJ REGION 1

[\] Done
Processing: \MODEL SIMULATE

[\] Done
Processing: \MODEL SAVE SPECTRA "/home/umar/projects/Thesis/spectraVAE/sessa_generated/spectra/case_00232_zero"

[\] Done
Processing: \PROJECT RESET

[\] Done
Processing: \SOURCE SET ALKA

[\] Done
Processing: \PREFERENCES SET ENERGY_SCALE KINETIC

[\] Done
Processing: \PREFERENCES SET DENSITY_SCALE MASS

[\] Done
Processing: \PREFERENCES SET NDIIMFP 1

[\] Done
Processing: \SPECTROMETER SET RANGE 1186.6:1206.6 REGION 1

[\] Done
Processing: \SAMPLE SET MATERIAL /C[CC_CH]0.385315018/C[C_O]0.099461685/C[C_eq_O]0.000001000/C[O_C_eq_O]0.444752912/C[pi_pi_star]0.070469384/O1.018968499/ LAYER 1

[\] Done
Processing: \SAMPLE SET DENSITY 1.25843967 LAYER 1

[\] Done
Processing: \SAMPLE SET EGAP 2.83041348 LAYER 1

[\] Done
Processing: \SAMPLE PEAK SET TYPE GAUSS PEAK 1 SUBPEAK 1

[\] Done
Processing: \SAMPLE PEAK SET POSITION 1201.50072445 PEAK 1 SUBPEAK 1

[\] Done
Processing: \SAMPLE PEAK SET WIDTH 0.66441527 PEAK 1 SUBPEAK 1

[\] Done
Processing: \SAMPLE PEAK SET HEIGHT 1.0 PEAK 1 SUBPEAK 1

[\] Done
Processing: \SAMPLE PEAK SET TYPE GAUSS PEAK 2 SUBPEAK 1

[\] Done
Processing: \SAMPLE PEAK SET POSITION 1200.07522870 PEAK 2 SUBPEAK 1

[\] Done
Processing: \SAMPLE PEAK SET WIDTH 0.63228805 PEAK 2 SUBPEAK 1

[\] Done
Processing: \SAMPLE PEAK SET HEIGHT 1.0 PEAK 2 SUBPEAK 1

[\] Done
Processing: \SAMPLE PEAK SET TYPE GAUSS PEAK 3 SUBPEAK 1

[\] Done
Processing: \SAMPLE PEAK SET POSITION 1198.99479330 PEAK 3 SUBPEAK 1

[\] Done
Processing: \SAMPLE PEAK SET WIDTH 0.72078810 PEAK 3 SUBPEAK 1

[\] Done
Processing: \SAMPLE PEAK SET HEIGHT 1.0 PEAK 3 SUBPEAK 1

[\] Done
Processing: \SAMPLE PEAK SET TYPE GAUSS PEAK 4 SUBPEAK 1

[\] Done
Processing: \SAMPLE PEAK SET POSITION 1197.20690564 PEAK 4 SUBPEAK 1

[\] Done
Processing: \SAMPLE PEAK SET WIDTH 0.51400770 PEAK 4 SUBPEAK 1

[\] Done
Processing: \SAMPLE PEAK SET HEIGHT 1.0 PEAK 4 SUBPEAK 1

[\] Done
Processing: \SAMPLE PEAK SET TYPE GAUSS PEAK 5 SUBPEAK 1

[\] Done
Processing: \SAMPLE PEAK SET POSITION 1195.33646585 PEAK 5 SUBPEAK 1

[\] Done
Processing: \SAMPLE PEAK SET WIDTH 0.60425450 PEAK 5 SUBPEAK 1

[\] Done
Processing: \SAMPLE PEAK SET HEIGHT 1.0 PEAK 5 SUBPEAK 1

[\] Done
Processing: \MODEL SET SLA false

[\] Done
Processing: \MODEL SET TA false

[\] Done
Processing: \MODEL SET SE true

[\] Done
Processing: \MODEL SET QEAPLUS true

[\] Done
Processing: \MODEL SET CONVERGENCE 1.0e-2

[\] Done
Processing: \MODEL AUTO NCOL REGION 1

[\] Done
Processing: \MODEL AUTO NTRAJ REGION 1

[\] Done
Processing: \MODEL SIMULATE

[\] Done
Processing: \MODEL SAVE SPECTRA "/home/umar/projects/Thesis/spectraVAE/sessa_generated/spectra/case_00240_full"

[\] Done
Processing: \MODEL SET NCOL 0 REGION 1

[\] Done
Processing: \MODEL AUTO NTRAJ REGION 1

[\] Done
Processing: \MODEL SIMULATE

[\] Done
Processing: \MODEL SAVE SPECTRA "/home/umar/projects/Thesis/spectraVAE/sessa_generated/spectra/case_00240_zero"

[\] Done
Processing: \PROJECT RESET

[\] Done
Processing: \SOURCE SET ALKA

[\] Done
Processing: \PREFERENCES SET ENERGY_SCALE KINETIC

[\] Done
Processing: \PREFERENCES SET DENSITY_SCALE MASS

[\] Done
Processing: \PREFERENCES SET NDIIMFP 1

[\] Done
Processing: \SPECTROMETER SET RANGE 1186.6:1206.6 REGION 1

[\] Done
Processing: \SAMPLE SET MATERIAL /C[CC_CH]0.245672181/C[C_O]0.000001000/C[C_eq_O]0.248065883/C[O_C_eq_O]0.506259936/C[pi_pi_star]0.000001000/O1.200000000/ LAYER 1

[\] Done
Processing: \SAMPLE SET DENSITY 1.58623965 LAYER 1

[\] Done
Processing: \SAMPLE SET EGAP 6.43063257 LAYER 1

[\] Done
Processing: \SAMPLE PEAK SET TYPE GAUSS PEAK 1 SUBPEAK 1

[\] Done
Processing: \SAMPLE PEAK SET POSITION 1199.47831047 PEAK 1 SUBPEAK 1

[\] Done
Processing: \SAMPLE PEAK SET WIDTH 0.62625985 PEAK 1 SUBPEAK 1

[\] Done
Processing: \SAMPLE PEAK SET HEIGHT 1.0 PEAK 1 SUBPEAK 1

[\] Done
Processing: \SAMPLE PEAK SET TYPE GAUSS PEAK 2 SUBPEAK 1

[\] Done
Processing: \SAMPLE PEAK SET POSITION 1198.09838765 PEAK 2 SUBPEAK 1

[\] Done
Processing: \SAMPLE PEAK SET WIDTH 0.56388877 PEAK 2 SUBPEAK 1

[\] Done
Processing: \SAMPLE PEAK SET HEIGHT 1.0 PEAK 2 SUBPEAK 1

[\] Done
Processing: \SAMPLE PEAK SET TYPE GAUSS PEAK 3 SUBPEAK 1

[\] Done
Processing: \SAMPLE PEAK SET POSITION 1196.52492837 PEAK 3 SUBPEAK 1

[\] Done
Processing: \SAMPLE PEAK SET WIDTH 0.55968757 PEAK 3 SUBPEAK 1

[\] Done
Processing: \SAMPLE PEAK SET HEIGHT 1.0 PEAK 3 SUBPEAK 1

[\] Done
Processing: \SAMPLE PEAK SET TYPE GAUSS PEAK 4 SUBPEAK 1

[\] Done
Processing: \SAMPLE PEAK SET POSITION 1195.06314709 PEAK 4 SUBPEAK 1

[\] Done
Processing: \SAMPLE PEAK SET WIDTH 0.65754881 PEAK 4 SUBPEAK 1

[\] Done
Processing: \SAMPLE PEAK SET HEIGHT 1.0 PEAK 4 SUBPEAK 1

[\] Done
Processing: \SAMPLE PEAK SET TYPE GAUSS PEAK 5 SUBPEAK 1

[\] Done
Processing: \SAMPLE PEAK SET POSITION 1193.10572068 PEAK 5 SUBPEAK 1

[\] Done
Processing: \SAMPLE PEAK SET WIDTH 0.67985578 PEAK 5 SUBPEAK 1

[\] Done
Processing: \SAMPLE PEAK SET HEIGHT 1.0 PEAK 5 SUBPEAK 1

[\] Done
Processing: \MODEL SET SLA false

[\] Done
Processing: \MODEL SET TA false

[\] Done
Processing: \MODEL SET SE true

[\] Done
Processing: \MODEL SET QEAPLUS true

[\] Done
Processing: \MODEL SET CONVERGENCE 1.0e-2

[\] Done
Processing: \MODEL AUTO NCOL REGION 1

[\] Done
Processing: \MODEL AUTO NTRAJ REGION 1

[\] Done
Processing: \MODEL SIMULATE

[\] Done
Processing: \MODEL SAVE SPECTRA "/home/umar/projects/Thesis/spectraVAE/sessa_generated/spectra/case_00248_full"

[\] Done
Processing: \MODEL SET NCOL 0 REGION 1

[\] Done
Processing: \MODEL AUTO NTRAJ REGION 1

[\] Done
Processing: \MODEL SIMULATE

[\] Done
Processing: \MODEL SAVE SPECTRA "/home/umar/projects/Thesis/spectraVAE/sessa_generated/spectra/case_00248_zero"

[\] Done
Processing: \PROJECT RESET

[\] Done
Processing: \SOURCE SET ALKA

[\] Done
Processing: \PREFERENCES SET ENERGY_SCALE KINETIC

[\] Done
Processing: \PREFERENCES SET DENSITY_SCALE MASS

[\] Done
Processing: \PREFERENCES SET NDIIMFP 1

[\] Done
Processing: \SPECTROMETER SET RANGE 1186.6:1206.6 REGION 1

[\] Done
Processing: \SAMPLE SET MATERIAL /C[CC_CH]0.278646880/C[C_O]0.260983218/C[C_eq_O]0.039514087/C[O_C_eq_O]0.420854815/C[pi_pi_star]0.000001000/O1.172208078/ LAYER 1

[\] Done
Processing: \SAMPLE SET DENSITY 1.61947935 LAYER 1

[\] Done
Processing: \SAMPLE SET EGAP 2.88359642 LAYER 1

[\] Done
Processing: \SAMPLE PEAK SET TYPE GAUSS PEAK 1 SUBPEAK 1

[\] Done
Processing: \SAMPLE PEAK SET POSITION 1199.74198843 PEAK 1 SUBPEAK 1

[\] Done
Processing: \SAMPLE PEAK SET WIDTH 0.42992586 PEAK 1 SUBPEAK 1

[\] Done
Processing: \SAMPLE PEAK SET HEIGHT 1.0 PEAK 1 SUBPEAK 1

[\] Done
Processing: \SAMPLE PEAK SET TYPE GAUSS PEAK 2 SUBPEAK 1

[\] Done
Processing: \SAMPLE PEAK SET POSITION 1198.56971415 PEAK 2 SUBPEAK 1

[\] Done
Processing: \SAMPLE PEAK SET WIDTH 0.49019018 PEAK 2 SUBPEAK 1

[\] Done
Processing: \SAMPLE PEAK SET HEIGHT 1.0 PEAK 2 SUBPEAK 1

[\] Done
Processing: \SAMPLE PEAK SET TYPE GAUSS PEAK 3 SUBPEAK 1

[\] Done
Processing: \SAMPLE PEAK SET POSITION 1196.58915209 PEAK 3 SUBPEAK 1

[\] Done
Processing: \SAMPLE PEAK SET WIDTH 0.34675005 PEAK 3 SUBPEAK 1

[\] Done
Processing: \SAMPLE PEAK SET HEIGHT 1.0 PEAK 3 SUBPEAK 1

[\] Done
Processing: \SAMPLE PEAK SET TYPE GAUSS PEAK 4 SUBPEAK 1

[\] Done
Processing: \SAMPLE PEAK SET POSITION 1195.52801816 PEAK 4 SUBPEAK 1
